03-20 00:54:19.386  2215  2911 I AccessibilityWindowManager: 5 windows changed: [{displayId=0, title=null}, {displayId=0, title=null}, {displayId=0, title=null}, {displayId=0, title=null}, {displayId=0, title=Poweramp}]
03-20 00:54:19.452  1644  5154 I vendor.qti.bluetooth@1.1-ibs_handler: ProcessIbsCmd: Received IBS_WAKE_IND: 0xFD
03-20 00:54:19.452  1644  5154 I vendor.qti.bluetooth@1.1-ibs_handler: ProcessIbsCmd: Writing IBS_WAKE_ACK
03-20 00:54:19.493  1644  5154 I vendor.qti.bluetooth@1.1-ibs_handler: ProcessIbsCmd: Received IBS_SLEEP_IND: 0xFE
03-20 00:54:19.551  1644  5154 I vendor.qti.bluetooth@1.1-ibs_handler: ProcessIbsCmd: Received IBS_WAKE_IND: 0xFD
03-20 00:54:19.551  1644  5154 I vendor.qti.bluetooth@1.1-ibs_handler: ProcessIbsCmd: Writing IBS_WAKE_ACK
03-20 00:54:19.592  1644  5154 I vendor.qti.bluetooth@1.1-ibs_handler: ProcessIbsCmd: Received IBS_SLEEP_IND: 0xFE
03-20 00:54:19.806     1     1 I init    : processing action (nubia.perf.cpu.input.boost.freq=0) from (/vendor/etc/init/init.zte.perf.rc:36)
03-20 00:54:19.872 31541 31541 I [kworke][0x130a6826432][23:54:20.025780] kiwi_v2: [31541:I:PMO] pmo_core_psoc_send_host_wakeup_ind_to_fw: Host wakeup indication sent to fw
03-20 00:54:20.326  1644  5154 I vendor.qti.bluetooth@1.1-ibs_handler: ProcessIbsCmd: Received IBS_WAKE_IND: 0xFD
03-20 00:54:20.326  1644  5154 I vendor.qti.bluetooth@1.1-ibs_handler: ProcessIbsCmd: Writing IBS_WAKE_ACK
03-20 00:54:20.405  1644  5154 I vendor.qti.bluetooth@1.1-ibs_handler: ProcessIbsCmd: Received IBS_SLEEP_IND: 0xFE
03-20 00:54:20.515 31541 31541 I [kworke][0x130a73ec8bd][23:54:20.668827] kiwi_v2: [31541:I:PMO] pmo_core_enable_wow_in_fw: drv wow is enabled
03-20 00:54:20.748  4949  4949 I         : MSM_LCD node value: 120
03-20 00:54:20.982  2215  3631 I system_server: inputst send state success SendVal=1.
03-20 00:54:20.988  1644  5154 I vendor.qti.bluetooth@1.1-ibs_handler: ProcessIbsCmd: Received IBS_WAKE_IND: 0xFD
03-20 00:54:20.988  1644  5154 I vendor.qti.bluetooth@1.1-ibs_handler: ProcessIbsCmd: Writing IBS_WAKE_ACK
03-20 00:54:21.029  1644  5154 I vendor.qti.bluetooth@1.1-ibs_handler: ProcessIbsCmd: Received IBS_SLEEP_IND: 0xFE
03-20 00:54:21.037 18010 18026 I Finsky  : [138] Stats for Executor: LightweightExecutor vaq@3f3eaef[Running, pool size = 4, active threads = 0, queued tasks = 0, completed tasks = 6296]
03-20 00:54:21.037 18010 18026 I Finsky  : [138] Stats for Executor: BlockingExecutor vaq@1776a6[Running, pool size = 3, active threads = 0, queued tasks = 0, completed tasks = 503]
03-20 00:54:21.043 18010 18026 I Finsky  : [138] Stats for Executor: bgExecutor vaq@58a365c[Running, pool size = 4, active threads = 0, queued tasks = 0, completed tasks = 14518]
03-20 00:54:21.330 18295 18499 E Thing-Network: send udp error
03-20 00:54:21.330 18295 18499 E Thing-Network: error code 1,msg: Operation not permitted
03-20 00:54:21.331 18295 18499 E Thing-Network: send udp error
03-20 00:54:21.331 18295 18499 E Thing-Network: error code 1,msg: Operation not permitted
03-20 00:54:21.374 18010 18026 I Finsky  : [138] Stats for Executor: GrpcBackgroundExecutor vaq@f158d78[Running, pool size = 4, active threads = 0, queued tasks = 0, completed tasks = 21]
03-20 00:54:21.491  2215  2964 I ActivityManager: Changes in UidRecord{1952d7b u0a263 LAST change:uncachedprocstateprocadj procs:0 seq(1009893,1007475)} caps=-------: proc state from 3 to 15, capability from 16 to 0, allowlist from false to false, procAdjChanged: true
03-20 00:54:21.497  1573 11042 I netd    : tetherGetStats() -> {[]} <1.88ms>
03-20 00:54:21.737  1644  5154 I vendor.qti.bluetooth@1.1-ibs_handler: ProcessIbsCmd: Received IBS_WAKE_IND: 0xFD
03-20 00:54:21.737  1644  5154 I vendor.qti.bluetooth@1.1-ibs_handler: ProcessIbsCmd: Writing IBS_WAKE_ACK
03-20 00:54:21.778  1644  5154 I vendor.qti.bluetooth@1.1-ibs_handler: ProcessIbsCmd: Received IBS_SLEEP_IND: 0xFE
03-20 00:54:22.016  2215  3631 I system_server: inputst send state success SendVal=3.
03-20 00:54:22.084 32416 32416 I [kworke][0x130a90a8041][23:54:22.237994] kiwi_v2: [32416:I:PMO] pmo_core_psoc_send_host_wakeup_ind_to_fw: Host wakeup indication sent to fw
03-20 00:54:22.094     0     0 I [    C3] [soft_i][0x130a90d99e4][23: 54:22.248576] kiwi_v2: [0:I:WMA] WLAN triggered wakeup: BPF_ALLOW (39), vdev: 0 (STA)
03-20 00:54:22.095     0     0 I [    C3] [soft_i][0x130a90dae8c][23: 54:22.248851] kiwi_v2: [0:I:WMA] WLAN wake reason counters:
03-20 00:54:22.095     0     0 I [    C3] [soft_i][0x130a90daf96][23: 54:22.248865] kiwi_v2: [0:I:WMA] uc:545 bc:575 v4_mc:321 v6_mc:137 ra:116 ns:0 na:0 icmp:0 icmpv6:116
03-20 00:54:22.095     0     0 I [    C3] [soft_i][0x130a90db06b][23: 54:22.248876] kiwi_v2: [0:I:WMA] assoc:0 disassoc:0 assoc_resp:0 reassoc:0 reassoc_resp:0 auth:0 deauth:0 action:18
03-20 00:54:22.095     0     0 I [    C3] [soft_i][0x130a90db14b][23: 54:22.248888] kiwi_v2: [0:I:WMA] pno_match:1 pno_complete:0 gscan:0 low_rssi:0 rssi_breach:0 oem:0 ucdrop:161 scan_11d:0 fatal_event:0
03-20 00:54:22.095     0     0 I [    C3] [soft_i][0x130a90db27a][23: 54:22.248903] kiwi_v2: [0:I:WMA] wma_wake_event_packet: Wake event packet:
03-20 00:54:22.095     0     0 I [    C3] [soft_i][0x130a90db330][23: 54:22.248913] kiwi_v2: [0:I:WMA] 00000000: ff ff ff ff ff ff 74 4c a1 a2 9a d3 08 00 45 00
03-20 00:54:22.095     0     0 I [    C3] [soft_i][0x130a90db3ca][23: 54:22.248921] kiwi_v2: [0:I:WMA] 00000010: 00 ca 36 6a 40 00 40 11 90 af c0 a8 b2 61 ff ff
03-20 00:54:22.095     0     0 I [    C3] [soft_i][0x130a90db456][23: 54:22.248928] kiwi_v2: [0:I:WMA] 00000020: ff ff d0 9a 94 d3 00 b6 e8 e5 7b 22 6d 61 67 69
03-20 00:54:22.095     0     0 I [    C3] [soft_i][0x130a90db4d4][23: 54:22.248935] kiwi_v2: [0:I:WMA] 00000030: 63 22 3a 20 22 50 43 4c 49 4e 4b 5f 44 49 53 43
03-20 00:54:22.095     0     0 I [    C3] [soft_i][0x130a90db64e][23: 54:22.248954] kiwi_v2: [0:I:WMA] 00000040: 4f 56 45 52 59 5f 42 45 41 43 4f 4e 5f 56 31 22
03-20 00:54:22.095     0     0 I [    C3] [soft_i][0x130a90db6d3][23: 54:22.248961] kiwi_v2: [0:I:WMA] 00000050: 2c 20 22 70 6f 72 74 22 3a 20 33 38 30 38 30 2c
03-20 00:54:22.095     0     0 I [    C3] [soft_i][0x130a90db74e][23: 54:22.248968] kiwi_v2: [0:I:WMA] 00000060: 20 22 68 6f 73 74 6e 61 6d 65 22 3a 20 22 6f 6c
03-20 00:54:22.095     0     0 I [    C3] [soft_i][0x130a90db7c7][23: 54:22.248974] kiwi_v2: [0:I:WMA] 00000070: 69 76 65 72 2d 4c 65 6e 6f 76 6f 2d 56 31 35 2d
03-20 00:54:22.095     0     0 I [    C3] [soft_i][0x130a90db839][23: 54:22.248980] kiwi_v2: [0:I:WMA] 00000080: 41 44 41 22 2c 20 22 68 74 74 70 73 22 3a 20 74
03-20 00:54:22.095     0     0 I [    C3] [soft_i][0x130a90db8c1][23: 54:22.248987] kiwi_v2: [0:I:WMA] 00000090: 72 75 65 2c
03-20 00:54:22.095     0     0 I [    C3] [soft_i][0x130a90dbb1c][23: 54:22.249019] kiwi_v2: [0:I:WMA] WOW Wakeup: IPV4 UDP Packet rcvd
03-20 00:54:22.095     0     0 I [    C3] [soft_i][0x130a90dbbb1][23: 54:22.249026] kiwi_v2: [0:I:WMA] src addr 192:168:178:97
03-20 00:54:22.095     0     0 I [    C3] [soft_i][0x130a90dbc4e][23: 54:22.249034] kiwi_v2: [0:I:WMA] dst addr 255:255:255:255
03-20 00:54:22.095     0     0 I [    C3] [soft_i][0x130a90dbce4][23: 54:22.249042] kiwi_v2: [0:I:WMA] wma_log_pkt_ipv4: Pkt_len: 202, src_port: 53402, dst_port: 38099
03-20 00:54:22.095     0     0 I [    C3] [soft_i][0x130a90dbdc2][23: 54:22.249054] kiwi_v2: [0:I:WMA] WLAN wake reason counters:
03-20 00:54:22.095     0     0 I [    C3] [soft_i][0x130a90dbe68][23: 54:22.249062] kiwi_v2: [0:I:WMA] uc:545 bc:576 v4_mc:321 v6_mc:137 ra:116 ns:0 na:0 icmp:0 icmpv6:116
03-20 00:54:22.095     0     0 I [    C3] [soft_i][0x130a90dbf05][23: 54:22.249071] kiwi_v2: [0:I:WMA] assoc:0 disassoc:0 assoc_resp:0 reassoc:0 reassoc_resp:0 auth:0 deauth:0 action:18
03-20 00:54:22.095     0     0 I [    C3] [soft_i][0x130a90dbfae][23: 54:22.249079] kiwi_v2: [0:I:WMA] pno_match:1 pno_complete:0 gscan:0 low_rssi:0 rssi_breach:0 oem:0 ucdrop:161 scan_11d:0 fatal_event:0
03-20 00:54:22.261  4665  7477 I NearbyMediums: Found Fast Ble Advertisements :
03-20 00:54:22.261  4665  7477 I NearbyMediums: BleAdvertisement { version=2, socketVersion=2, isFast=true, serviceIdHash=null, data=[ 0x23 0x39 0x55 0x41 0x4f 0x11 0x32 0x13 0x87 0x16 0xbe 0xb0 0x5c 0xe9 0x20 0x7b 0x38 0x5b 0xa9 0x47 0x29 0xdb 0x76 ], deviceToken=[ 0x87 0x43 ], rxAdvertisement=null } : 1 times.
03-20 00:54:22.261  4665  7477 I NearbyMediums: BleAdvertisement { version=2, socketVersion=2, isFast=true, serviceIdHash=null, data=[ 0x23 0x51 0x30 0x49 0x44 0x11 0x34 0xb5 0x49 0x35 0x58 0x99 0x17 0xcf 0xd7 0x43 0x6c 0xb2 0x52 0x61 0xdc 0xd7 0xeb ], deviceToken=[ 0x16 0x1a ], rxAdvertisement=null } : 1 times.
03-20 00:54:22.261  4665  7477 I NearbyMediums: Total 2 fast advertisements from 2 unique advertisers.
03-20 00:54:22.262  4665  7477 I NearbyMediums: Current Tracked Scanning Clients are : {NearbyConnections.EnvironmentMonitor, NearbySharing, NearbyConnections.TxAdvertisement}
03-20 00:54:22.264  4665  8755 I NearbyConnections: Processing lost BlePeripheral BlePeripheral{advertisement=BleAdvertisement { version=2, socketVersion=2, isFast=true, serviceIdHash=null, data=[ 0x23 0x47 0x4a 0x46 0x31 0x11 0x32 0x0c 0xc1 0x27 0xa3 0x74 0x93 0xf4 0xda 0x7f 0x67 0x20 0xe9 0x4a 0xe5 0xf0 0x93 ], deviceToken=[ 0xb5 0xfb ], rxAdvertisement=null }, dctAdvertisement=null, address=null, psm=0, deviceToken=<ByteString@caa6619 size=2 contents="\265\373">, isSecondProfile=false, rxInstantConnectionAdv=null}.
03-20 00:54:22.265  4665  8755 I NearbyConnections: Lost BleEndpoint for BlePeripheral BlePeripheral{advertisement=BleAdvertisement { version=2, socketVersion=2, isFast=true, serviceIdHash=null, data=[ 0x23 0x47 0x4a 0x46 0x31 0x11 0x32 0x0c 0xc1 0x27 0xa3 0x74 0x93 0xf4 0xda 0x7f 0x67 0x20 0xe9 0x4a 0xe5 0xf0 0x93 ], deviceToken=[ 0xb5 0xfb ], rxAdvertisement=null }, dctAdvertisement=null, address=null, psm=0, deviceToken=<ByteString@caa6619 size=2 contents="\265\373">, isSecondProfile=false, rxInstantConnectionAdv=null} (with EndpointId GJF1 and EndpointInfo [ 0x32 0x0c 0xc1 0x27 0xa3 0x74 0x93 0xf4 0xda 0x7f 0x67 0x20 0xe9 0x4a 0xe5 0xf0 0x93 ]).
03-20 00:54:22.265  4665  8755 I NearbyConnections: ClientProxy(6018016) reporting onEndpointLost(GJF1)
03-20 00:54:22.267  4665  8756 I NearbySharing: NearbySharing Internal event EndpointLost(endpointId=GJF1)
03-20 00:54:22.380  1644  5154 I vendor.qti.bluetooth@1.1-ibs_handler: ProcessIbsCmd: Received IBS_WAKE_IND: 0xFD
03-20 00:54:22.380  1644  5154 I vendor.qti.bluetooth@1.1-ibs_handler: ProcessIbsCmd: Writing IBS_WAKE_ACK
03-20 00:54:22.386  4665  8756 I NearbyConnections: Found BleAdvertisement [ 0x23 0x47 0x4a 0x46 0x31 0x11 0x32 0x0c 0xc1 0x27 0xa3 0x74 0x93 0xf4 0xda 0x7f 0x67 0x20 0xe9 0x4a 0xe5 0xf0 0x93 ] (with EndpointId GJF1 and EndpointInfo [ 0x32 0x0c 0xc1 0x27 0xa3 0x74 0x93 0xf4 0xda 0x7f 0x67 0x20 0xe9 0x4a 0xe5 0xf0 0x93 ])
03-20 00:54:22.388  4665  8756 I NearbyConnections: ClientProxy(6018016 0p:com.google.android.gms.nearby.sharing) reporting onEndpointFound(GJF1)
03-20 00:54:22.389  4665  8756 I NearbyConnections: ClientProxy(6018016) reporting onEndpointDistanceChanged(GJF1, UNKNOWN)
03-20 00:54:22.390  4665  8755 I NearbySharing: NearbySharing Internal event EndpointDiscovered(endpointId=GJF1)
03-20 00:54:22.421  1644  5154 I vendor.qti.bluetooth@1.1-ibs_handler: ProcessIbsCmd: Received IBS_SLEEP_IND: 0xFE
03-20 00:54:22.423  1644  5154 I vendor.qti.bluetooth@1.1-ibs_handler: ProcessIbsCmd: Received IBS_WAKE_IND: 0xFD
03-20 00:54:22.423  1644  5154 I vendor.qti.bluetooth@1.1-ibs_handler: ProcessIbsCmd: Writing IBS_WAKE_ACK
03-20 00:54:22.464  1644  5154 I vendor.qti.bluetooth@1.1-ibs_handler: ProcessIbsCmd: Received IBS_SLEEP_IND: 0xFE
03-20 00:54:22.903  2215  6321 I AccessibilityWindowManager: Removed global connection for pid:3900 with windowId: 3448 and token: android.os.BinderProxy@d224888
03-20 00:54:22.911  2215  6321 W InputManager-JNI: Input channel object 'ae28221 Toast (client)' was disposed without first being removed with the input manager!
03-20 00:54:22.918  2215  6321 I WindowManager: this activity is embedded, r = com.maxmpz.audioplayer, isEmbedded = false
03-20 00:54:22.920  2215  2913 I WindowManager: this activity is embedded, r = com.maxmpz.audioplayer, isEmbedded = false
03-20 00:54:22.920  2215  6321 W NotificationService: Toast already killed. pkg=com.maxmpz.audioplayer token=android.os.BinderProxy@d886fd9
03-20 00:54:22.773  4949  4949 I         : MSM_LCD node value: 120
03-20 00:54:22.937  2215  2911 I DisplayDeviceRepository: Display device changed: DisplayDeviceInfo{"Built-in Screen": uniqueId="local:4630946566460097411", 1116 x 2480, modeId 2, renderFrameRate 120.00001, defaultModeId 2, userPreferredModeId -1, supportedModes [{id=1, width=1116, height=2480, fps=60.000004, vsync=60.000004, synthetic=false, alternativeRefreshRates=[90.0, 120.00001], supportedHdrTypes=[2, 3]}, {id=2, width=1116, height=2480, fps=120.00001, vsync=120.00001, synthetic=false, alternativeRefreshRates=[60.000004, 90.0], supportedHdrTypes=[2, 3]}, {id=3, width=1116, height=2480, fps=90.0, vsync=90.0, synthetic=false, alternativeRefreshRates=[60.000004, 120.00001], supportedHdrTypes=[2, 3]}], colorMode 0, supportedColorModes [0, 7, 9], hdrCapabilities HdrCapabilities{mSupportedHdrTypes=[2, 3], mMaxLuminance=668.0, mMaxAverageLuminance=334.001, mMinLuminance=0.002}, allmSupported false, gameContentTypeSupported false, density 480, 399.245 x 401.222 dpi, appVsyncOff 1000000, presDeadline 11333333, touch INTERNAL, rotation 0, type INTERNAL, address {port=131, model=0x40446d5dcbab43}, deviceProductInfo DeviceProductInfo{name=, manufacturerPnpId=QCM, productId=1, modelYear=null, manufactureDate=ManufactureDate{week=27, year=2006}, connectionToSinkType=0}, state ON, committedState ON, frameRateOverride , brightnessMinimum 0.0, brightnessMaximum 1.0, brightnessDefault 0.39763778, hdrSdrRatio NaN, roundedCorners RoundedCorners{[RoundedCorner{position=TopLeft, radius=13, center=Point(13, 13)}, RoundedCorner{position=TopRight, radius=13, center=Point(1103, 13)}, RoundedCorner{position=BottomRight, radius=13, center=Point(1103, 2467)}, RoundedCorner{position=BottomLeft, radius=13, center=Point(13, 2467)}]}, FLAG_ALLOWED_TO_BE_DEFAULT_DISPLAY, FLAG_ROTATES_WITH_CONTENT, FLAG_SECURE, FLAG_SUPPORTS_PROTECTED_BUFFERS, FLAG_TRUSTED, installOrientation 0, displayShape DisplayShape{ spec=1406003047 displayWidth=1116 displayHeight=2480 physicalPixelDisplaySizeRatio=1.0 rotation=0 offsetX=0 offsetY=0 scale=1.0}}
03-20 00:54:22.940  2215  2913 I WindowManager: this activity is embedded, r = com.maxmpz.audioplayer, isEmbedded = false
03-20 00:54:22.953  2215  2911 I AccessibilityWindowManager: mDisplayId=0, topFocusedDisplayId=0, currentUserId=0, visibleBgUsers=null
03-20 00:54:22.953  2215  2911 I AccessibilityWindowManager: 5 windows changed: [{displayId=0, title=null}, {displayId=0, title=null}, {displayId=0, title=null}, {displayId=0, title=null}, {displayId=0, title=Poweramp}]
03-20 00:54:23.030  2215  2913 I WindowManager: this activity is embedded, r = com.maxmpz.audioplayer, isEmbedded = false
03-20 00:54:23.038  2215  2913 I WindowManager: this activity is embedded, r = com.maxmpz.audioplayer, isEmbedded = false
03-20 00:54:23.048  2215  2911 I DisplayDeviceRepository: Display device changed: DisplayDeviceInfo{"Built-in Screen": uniqueId="local:4630946566460097411", 1116 x 2480, modeId 2, renderFrameRate 120.00001, defaultModeId 2, userPreferredModeId -1, supportedModes [{id=1, width=1116, height=2480, fps=60.000004, vsync=60.000004, synthetic=false, alternativeRefreshRates=[90.0, 120.00001], supportedHdrTypes=[2, 3]}, {id=2, width=1116, height=2480, fps=120.00001, vsync=120.00001, synthetic=false, alternativeRefreshRates=[60.000004, 90.0], supportedHdrTypes=[2, 3]}, {id=3, width=1116, height=2480, fps=90.0, vsync=90.0, synthetic=false, alternativeRefreshRates=[60.000004, 120.00001], supportedHdrTypes=[2, 3]}], colorMode 0, supportedColorModes [0, 7, 9], hdrCapabilities HdrCapabilities{mSupportedHdrTypes=[2, 3], mMaxLuminance=668.0, mMaxAverageLuminance=334.001, mMinLuminance=0.002}, allmSupported false, gameContentTypeSupported false, density 480, 399.245 x 401.222 dpi, appVsyncOff 1000000, presDeadline 11333333, touch INTERNAL, rotation 0, type INTERNAL, address {port=131, model=0x40446d5dcbab43}, deviceProductInfo DeviceProductInfo{name=, manufacturerPnpId=QCM, productId=1, modelYear=null, manufactureDate=ManufactureDate{week=27, year=2006}, connectionToSinkType=0}, state ON, committedState ON, frameRateOverride {uid=10464 frameRateHz=120.00001} , brightnessMinimum 0.0, brightnessMaximum 1.0, brightnessDefault 0.39763778, hdrSdrRatio NaN, roundedCorners RoundedCorners{[RoundedCorner{position=TopLeft, radius=13, center=Point(13, 13)}, RoundedCorner{position=TopRight, radius=13, center=Point(1103, 13)}, RoundedCorner{position=BottomRight, radius=13, center=Point(1103, 2467)}, RoundedCorner{position=BottomLeft, radius=13, center=Point(13, 2467)}]}, FLAG_ALLOWED_TO_BE_DEFAULT_DISPLAY, FLAG_ROTATES_WITH_CONTENT, FLAG_SECURE, FLAG_SUPPORTS_PROTECTED_BUFFERS, FLAG_TRUSTED, installOrientation 0, displayShape DisplayShape{ spec=1406003047 displayWidth=1116 displayHeight=2480 physicalPixelDisplaySizeRatio=1.0 rotation=0 offsetX=0 offsetY=0 scale=1.0}}
03-20 00:54:23.052  2215  2913 I WindowManager: this activity is embedded, r = com.maxmpz.audioplayer, isEmbedded = false
03-20 00:54:23.079  1751  1751 I vendor.qti.hardware.servicetrackeraidl-service: unbindService is called for service : com.google.android.gms/.chimera.PersistentDirectBootAwareApiService and for client com.google.android.dialer
03-20 00:54:23.101  2215  2911 I AccessibilityWindowManager: mDisplayId=0, topFocusedDisplayId=0, currentUserId=0, visibleBgUsers=null
03-20 00:54:23.101  2215  2911 I AccessibilityWindowManager: 5 windows changed: [{displayId=0, title=null}, {displayId=0, title=null}, {displayId=0, title=null}, {displayId=0, title=null}, {displayId=0, title=Poweramp}]
03-20 00:54:23.125  1751  1751 I vendor.qti.hardware.servicetrackeraidl-service: unbindService is called for service : com.google.android.gms/.chimera.PersistentSingleUserInternalApiService and for client com.google.android.gms.unstable
03-20 00:54:23.125  1751  1751 I vendor.qti.hardware.servicetrackeraidl-service: size of service connections for service: com.google.android.gms/.chimera.PersistentSingleUserInternalApiServiceafter removal is 0
03-20 00:54:23.125  1751  1751 I vendor.qti.hardware.servicetrackeraidl-service: size of client connections for client: com.google.android.gms.unstableafter removal is 3
03-20 00:54:23.127  1751  1751 I vendor.qti.hardware.servicetrackeraidl-service: destroyService is called for service : com.google.android.gms/.chimera.PersistentSingleUserInternalApiService
03-20 00:54:23.131  1751  1751 I vendor.qti.hardware.servicetrackeraidl-service: unbindService is called for service : com.google.android.gms/.chimera.PersistentDirectBootAwareApiService and for client com.google.android.gms.unstable
03-20 00:54:23.007 32416 32416 I [kworke][0x130aa18ede2][23:54:23.161056] kiwi_v2: [32416:I:PMO] pmo_core_enable_wow_in_fw: drv wow is enabled
03-20 00:54:23.162  1644  5154 I vendor.qti.bluetooth@1.1-ibs_handler: ProcessIbsCmd: Received IBS_WAKE_IND: 0xFD
03-20 00:54:23.163  1644  5154 I vendor.qti.bluetooth@1.1-ibs_handler: ProcessIbsCmd: Writing IBS_WAKE_ACK
03-20 00:54:23.167  2215  2911 W WindowManager: Unable to start animation, surface is null or no children.
03-20 00:54:23.170  2215  2911 I WindowManager: this activity is embedded, r = com.maxmpz.audioplayer, isEmbedded = false
03-20 00:54:23.205  1644  5154 I vendor.qti.bluetooth@1.1-ibs_handler: ProcessIbsCmd: Received IBS_SLEEP_IND: 0xFE
03-20 00:54:23.217  1644  5154 I vendor.qti.bluetooth@1.1-ibs_handler: ProcessIbsCmd: Received IBS_WAKE_IND: 0xFD
03-20 00:54:23.217  1644  5154 I vendor.qti.bluetooth@1.1-ibs_handler: ProcessIbsCmd: Writing IBS_WAKE_ACK
03-20 00:54:23.222  1751  1751 I vendor.qti.hardware.servicetrackeraidl-service: unbindService is called for service : com.google.android.gms/.checkin.CheckinApiService and for client com.google.android.gms.unstable
03-20 00:54:23.222  1751  1751 I vendor.qti.hardware.servicetrackeraidl-service: size of service connections for service: com.google.android.gms/.checkin.CheckinApiServiceafter removal is 0
03-20 00:54:23.222  1751  1751 I vendor.qti.hardware.servicetrackeraidl-service: size of client connections for client: com.google.android.gms.unstableafter removal is 2
03-20 00:54:23.223  1751  1751 I vendor.qti.hardware.servicetrackeraidl-service: destroyService is called for service : com.google.android.gms/.checkin.CheckinApiService
03-20 00:54:23.258  1644  5154 I vendor.qti.bluetooth@1.1-ibs_handler: ProcessIbsCmd: Received IBS_SLEEP_IND: 0xFE
03-20 00:54:23.316  1751  1751 I vendor.qti.hardware.servicetrackeraidl-service: unbindService is called for service : com.google.android.gms/.chimera.PersistentApiService and for client com.google.android.gms.persistent
03-20 00:54:23.184  4949  4949 I         : MSM_LCD node value: 120
03-20 00:54:23.737  1644  5154 I vendor.qti.bluetooth@1.1-ibs_handler: ProcessIbsCmd: Received IBS_WAKE_IND: 0xFD
03-20 00:54:23.737  1644  5154 I vendor.qti.bluetooth@1.1-ibs_handler: ProcessIbsCmd: Writing IBS_WAKE_ACK
03-20 00:54:23.778  1644  5154 I vendor.qti.bluetooth@1.1-ibs_handler: ProcessIbsCmd: Received IBS_SLEEP_IND: 0xFE
03-20 00:54:23.797  1644  5154 I vendor.qti.bluetooth@1.1-ibs_handler: ProcessIbsCmd: Received IBS_WAKE_IND: 0xFD
03-20 00:54:23.797  1644  5154 I vendor.qti.bluetooth@1.1-ibs_handler: ProcessIbsCmd: Writing IBS_WAKE_ACK
03-20 00:54:23.826  1526  1526 E bootrescue: statfs: total_avail_size = 180016 MB, total_free_size = 180144 MB
03-20 00:54:23.838  1644  5154 I vendor.qti.bluetooth@1.1-ibs_handler: ProcessIbsCmd: Received IBS_SLEEP_IND: 0xFE
03-20 00:54:23.839  1751  1751 I vendor.qti.hardware.servicetrackeraidl-service: unbindService is called for service : com.google.android.gms/.chimera.PersistentDirectBootAwareApiService and for client com.google.android.gms.persistent
03-20 00:54:24.471  1751  1751 I vendor.qti.hardware.servicetrackeraidl-service: unbindService is called for service : com.google.android.gms/.chimera.PersistentDirectBootAwareApiService and for client com.google.android.gms.persistent
03-20 00:54:24.440 32416 32416 I [kworke][0x130abbcc414][23:54:24.594098] kiwi_v2: [32416:I:PMO] pmo_core_psoc_send_host_wakeup_ind_to_fw: Host wakeup indication sent to fw
03-20 00:54:24.451     0     0 I [    C3] [soft_i][0x130abc009d1][23: 54:24.605268] kiwi_v2: [0:I:WMA] WLAN triggered wakeup: BPF_ALLOW (39), vdev: 0 (STA)
03-20 00:54:24.451     0     0 I [    C3] [soft_i][0x130abc01959][23: 54:24.605475] kiwi_v2: [0:I:WMA] WLAN wake reason counters:
03-20 00:54:24.451     0     0 I [    C3] [soft_i][0x130abc01a7c][23: 54:24.605490] kiwi_v2: [0:I:WMA] uc:545 bc:576 v4_mc:321 v6_mc:137 ra:116 ns:0 na:0 icmp:0 icmpv6:116
03-20 00:54:24.451     0     0 I [    C3] [soft_i][0x130abc01b66][23: 54:24.605502] kiwi_v2: [0:I:WMA] assoc:0 disassoc:0 assoc_resp:0 reassoc:0 reassoc_resp:0 auth:0 deauth:0 action:18
03-20 00:54:24.451     0     0 I [    C3] [soft_i][0x130abc01c45][23: 54:24.605514] kiwi_v2: [0:I:WMA] pno_match:1 pno_complete:0 gscan:0 low_rssi:0 rssi_breach:0 oem:0 ucdrop:161 scan_11d:0 fatal_event:0
03-20 00:54:24.451     0     0 I [    C3] [soft_i][0x130abc01d90][23: 54:24.605531] kiwi_v2: [0:I:WMA] wma_wake_event_packet: Wake event packet:
03-20 00:54:24.451     0     0 I [    C3] [soft_i][0x130abc01e4b][23: 54:24.605541] kiwi_v2: [0:I:WMA] 00000000: 33 33 00 00 00 01 2c 3a fd 9f 18 77 86 dd 60 00
03-20 00:54:24.451     0     0 I [    C3] [soft_i][0x130abc01ee3][23: 54:24.605549] kiwi_v2: [0:I:WMA] 00000010: 00 00 00 b0 3a ff fe 80 00 00 00 00 00 00 2e 3a
03-20 00:54:24.451     0     0 I [    C3] [soft_i][0x130abc01f74][23: 54:24.605556] kiwi_v2: [0:I:WMA] 00000020: fd ff fe 9f 18 77 ff 02 00 00 00 00 00 00 00 00
03-20 00:54:24.451     0     0 I [    C3] [soft_i][0x130abc01ff5][23: 54:24.605563] kiwi_v2: [0:I:WMA] 00000030: 00 00 00 00 00 01 86 00 a5 75 ff 40 07 08 00 00
03-20 00:54:24.451     0     0 I [    C3] [soft_i][0x130abc02073][23: 54:24.605570] kiwi_v2: [0:I:WMA] 00000040: 00 00 00 00 00 00 03 04 40 c0 00 00 1c 20 00 00
03-20 00:54:24.451     0     0 I [    C3] [soft_i][0x130abc020e6][23: 54:24.605576] kiwi_v2: [0:I:WMA] 00000050: 0e 10 00 00 00 00 2a 02 09 08 26 12 f2 20 00 00
03-20 00:54:24.451     0     0 I [    C3] [soft_i][0x130abc02161][23: 54:24.605582] kiwi_v2: [0:I:WMA] 00000060: 00 00 00 00 00 00 03 04 40 c0 00 00 1c 20 00 00
03-20 00:54:24.451     0     0 I [    C3] [soft_i][0x130abc021df][23: 54:24.605589] kiwi_v2: [0:I:WMA] 00000070: 0e 10 00 00 00 00 fd 50 80 f0 2d d2 00 00 00 00
03-20 00:54:24.451     0     0 I [    C3] [soft_i][0x130abc0225a][23: 54:24.605595] kiwi_v2: [0:I:WMA] 00000080: 00 00 00 00 00 00 19 05 00 00 00 00 04 b0 fd 50
03-20 00:54:24.451     0     0 I [    C3] [soft_i][0x130abc022ca][23: 54:24.605601] kiwi_v2: [0:I:WMA] 00000090: 80 f0 2d d2
03-20 00:54:24.452     0     0 I [    C3] [soft_i][0x130abc0256c][23: 54:24.605636] kiwi_v2: [0:I:WMA] WOW Wakeup: ICMPV6 RA rcvd
03-20 00:54:24.452     0     0 I [    C3] [soft_i][0x130abc02614][23: 54:24.605645] kiwi_v2: [0:I:WMA] wma_log_pkt_icmpv6: Pkt_len: 176, Seq_num: 1800
03-20 00:54:24.452     0     0 I [    C3] [soft_i][0x130abc026d7][23: 54:24.605655] kiwi_v2: [0:I:WMA] WLAN wake reason counters:
03-20 00:54:24.452     0     0 I [    C3] [soft_i][0x130abc0276f][23: 54:24.605663] kiwi_v2: [0:I:WMA] uc:545 bc:576 v4_mc:321 v6_mc:138 ra:117 ns:0 na:0 icmp:0 icmpv6:117
03-20 00:54:24.452     0     0 I [    C3] [soft_i][0x130abc027fb][23: 54:24.605670] kiwi_v2: [0:I:WMA] assoc:0 disassoc:0 assoc_resp:0 reassoc:0 reassoc_resp:0 auth:0 deauth:0 action:18
03-20 00:54:24.452     0     0 I [    C3] [soft_i][0x130abc028ab][23: 54:24.605679] kiwi_v2: [0:I:WMA] pno_match:1 pno_complete:0 gscan:0 low_rssi:0 rssi_breach:0 oem:0 ucdrop:161 scan_11d:0 fatal_event:0
03-20 00:54:24.627  4039 11837 W AlarmManager: Unrecognized alarm listener com.android.networkstack.android.net.ip.IpClientLinkObserver$Dhcp6PdPreferredPrefixAlarmListener@602b0be
03-20 00:54:24.628  4039 11837 W AlarmManager: Unrecognized alarm listener com.android.networkstack.android.net.ip.IpClientLinkObserver$Dhcp6PdPreferredPrefixAlarmListener@602b0be
03-20 00:54:24.628  4039 11837 W AlarmManager: Unrecognized alarm listener com.android.networkstack.android.net.ip.IpClientLinkObserver$Dhcp6PdPreferredPrefixAlarmListener@602b0be
03-20 00:54:24.629  4039 11837 W AlarmManager: Unrecognized alarm listener com.android.networkstack.android.net.ip.IpClientLinkObserver$Dhcp6PdPreferredPrefixAlarmListener@602b0be
03-20 00:54:24.630  4039 11837 W AlarmManager: Unrecognized alarm listener com.android.networkstack.android.net.ip.IpClientLinkObserver$Dhcp6PdPreferredPrefixAlarmListener@602b0be
03-20 00:54:24.630  4039 11837 W AlarmManager: Unrecognized alarm listener com.android.networkstack.android.net.ip.IpClientLinkObserver$Dhcp6PdPreferredPrefixAlarmListener@602b0be
03-20 00:54:24.631  4039 11837 W AlarmManager: Unrecognized alarm listener com.android.networkstack.android.net.ip.IpClientLinkObserver$Dhcp6PdPreferredPrefixAlarmListener@602b0be
03-20 00:54:24.631  4039 11837 W AlarmManager: Unrecognized alarm listener com.android.networkstack.android.net.ip.IpClientLinkObserver$Dhcp6PdPreferredPrefixAlarmListener@602b0be
03-20 00:54:24.693  2215  2911 I AccessibilityWindowManager: mDisplayId=0, topFocusedDisplayId=0, currentUserId=0, visibleBgUsers=null
03-20 00:54:24.693  2215  2911 I AccessibilityWindowManager: 5 windows changed: [{displayId=0, title=null}, {displayId=0, title=null}, {displayId=0, title=null}, {displayId=0, title=null}, {displayId=0, title=Poweramp}]
03-20 00:54:24.860  1751  1751 I vendor.qti.hardware.servicetrackeraidl-service: unbindService is called for service : com.google.android.gms/.chimera.PersistentDirectBootAwareApiService and for client com.google.android.gms.unstable
03-20 00:54:25.249  1644  5154 I vendor.qti.bluetooth@1.1-ibs_handler: ProcessIbsCmd: Received IBS_WAKE_IND: 0xFD
03-20 00:54:25.249  1644  5154 I vendor.qti.bluetooth@1.1-ibs_handler: ProcessIbsCmd: Writing IBS_WAKE_ACK
03-20 00:54:25.290  1644  5154 I vendor.qti.bluetooth@1.1-ibs_handler: ProcessIbsCmd: Received IBS_SLEEP_IND: 0xFE
03-20 00:54:25.831 10583 10739 I native  : I0000 00:00:1773964465.831665   10739 soda_async_impl.cc:1424] Current audio timestamp: 1773964465783198
03-20 00:54:26.030 10583 10752 W ProxyAndroidLoggerBackend: Too many Flogger logs received before configuration. Dropping old logs.
03-20 00:54:26.039  1644  5154 I vendor.qti.bluetooth@1.1-ibs_handler: ProcessIbsCmd: Received IBS_WAKE_IND: 0xFD
03-20 00:54:26.040  1644  5154 I vendor.qti.bluetooth@1.1-ibs_handler: ProcessIbsCmd: Writing IBS_WAKE_ACK
03-20 00:54:26.080  1644  5154 I vendor.qti.bluetooth@1.1-ibs_handler: ProcessIbsCmd: Received IBS_SLEEP_IND: 0xFE
03-20 00:54:26.122  2215  3800 I PowerTracker: cancel network checking 
03-20 00:54:26.010 32416 32416 I [kworke][0x130ad88a403][23:54:26.163804] kiwi_v2: [32416:I:PMO] pmo_core_enable_wow_in_fw: drv wow is enabled
03-20 00:54:26.271  7734  7734 I [kworke][0x130add53d7f][23:54:26.425264] kiwi_v2: [7734:I:PMO] pmo_core_psoc_send_host_wakeup_ind_to_fw: Host wakeup indication sent to fw
03-20 00:54:26.708  1644  5154 I vendor.qti.bluetooth@1.1-ibs_handler: ProcessIbsCmd: Received IBS_WAKE_IND: 0xFD
03-20 00:54:26.709  1644  5154 I vendor.qti.bluetooth@1.1-ibs_handler: ProcessIbsCmd: Writing IBS_WAKE_ACK
03-20 00:54:26.750  1644  5154 I vendor.qti.bluetooth@1.1-ibs_handler: ProcessIbsCmd: Received IBS_SLEEP_IND: 0xFE
03-20 00:54:26.913  7734  7734 I [kworke][0x130ae915f74][23:54:27.067423] kiwi_v2: [7734:I:PMO] pmo_core_enable_wow_in_fw: drv wow is enabled
03-20 00:54:27.102 32416 32416 I [kworke][0x130aec88bb7][23:54:27.255747] kiwi_v2: [32416:I:PMO] pmo_core_psoc_send_host_wakeup_ind_to_fw: Host wakeup indication sent to fw
03-20 00:54:27.113     0     0 I [    C3] [soft_i][0x130aecbc0ed][23: 54:27.266696] kiwi_v2: [0:I:WMA] WLAN triggered wakeup: BPF_ALLOW (39), vdev: 0 (STA)
03-20 00:54:27.113     0     0 I [    C3] [soft_i][0x130aecbd512][23: 54:27.266965] kiwi_v2: [0:I:WMA] WLAN wake reason counters:
03-20 00:54:27.113     0     0 I [    C3] [soft_i][0x130aecbd61d][23: 54:27.266979] kiwi_v2: [0:I:WMA] uc:545 bc:576 v4_mc:321 v6_mc:138 ra:117 ns:0 na:0 icmp:0 icmpv6:117
03-20 00:54:27.113     0     0 I [    C3] [soft_i][0x130aecbd6f7][23: 54:27.266990] kiwi_v2: [0:I:WMA] assoc:0 disassoc:0 assoc_resp:0 reassoc:0 reassoc_resp:0 auth:0 deauth:0 action:18
03-20 00:54:27.113     0     0 I [    C3] [soft_i][0x130aecbd7dd][23: 54:27.267002] kiwi_v2: [0:I:WMA] pno_match:1 pno_complete:0 gscan:0 low_rssi:0 rssi_breach:0 oem:0 ucdrop:161 scan_11d:0 fatal_event:0
03-20 00:54:27.113     0     0 I [    C3] [soft_i][0x130aecbda4c][23: 54:27.267034] kiwi_v2: [0:I:WMA] wma_wake_event_packet: Wake event packet:
03-20 00:54:27.113     0     0 I [    C3] [soft_i][0x130aecbdb1b][23: 54:27.267045] kiwi_v2: [0:I:WMA] 00000000: ff ff ff ff ff ff 74 4c a1 a2 9a d3 08 00 45 00
03-20 00:54:27.113     0     0 I [    C3] [soft_i][0x130aecbdbb8][23: 54:27.267053] kiwi_v2: [0:I:WMA] 00000010: 00 ca 45 bf 40 00 40 11 81 5a c0 a8 b2 61 ff ff
03-20 00:54:27.113     0     0 I [    C3] [soft_i][0x130aecbdc6e][23: 54:27.267063] kiwi_v2: [0:I:WMA] 00000020: ff ff d0 9a 94 d3 00 b6 e8 e5 7b 22 6d 61 67 69
03-20 00:54:27.113     0     0 I [    C3] [soft_i][0x130aecbdd00][23: 54:27.267070] kiwi_v2: [0:I:WMA] 00000030: 63 22 3a 20 22 50 43 4c 49 4e 4b 5f 44 49 53 43
03-20 00:54:27.113     0     0 I [    C3] [soft_i][0x130aecbdd8a][23: 54:27.267078] kiwi_v2: [0:I:WMA] 00000040: 4f 56 45 52 59 5f 42 45 41 43 4f 4e 5f 56 31 22
03-20 00:54:27.113     0     0 I [    C3] [soft_i][0x130aecbde09][23: 54:27.267084] kiwi_v2: [0:I:WMA] 00000050: 2c 20 22 70 6f 72 74 22 3a 20 33 38 30 38 30 2c
03-20 00:54:27.113     0     0 I [    C3] [soft_i][0x130aecbde90][23: 54:27.267091] kiwi_v2: [0:I:WMA] 00000060: 20 22 68 6f 73 74 6e 61 6d 65 22 3a 20 22 6f 6c
03-20 00:54:27.113     0     0 I [    C3] [soft_i][0x130aecbdf03][23: 54:27.267097] kiwi_v2: [0:I:WMA] 00000070: 69 76 65 72 2d 4c 65 6e 6f 76 6f 2d 56 31 35 2d
03-20 00:54:27.113     0     0 I [    C3] [soft_i][0x130aecbdf76][23: 54:27.267103] kiwi_v2: [0:I:WMA] 00000080: 41 44 41 22 2c 20 22 68 74 74 70 73 22 3a 20 74
03-20 00:54:27.113     0     0 I [    C3] [soft_i][0x130aecbdfee][23: 54:27.267109] kiwi_v2: [0:I:WMA] 00000090: 72 75 65 2c
03-20 00:54:27.113     0     0 I [    C3] [soft_i][0x130aecbe248][23: 54:27.267141] kiwi_v2: [0:I:WMA] WOW Wakeup: IPV4 UDP Packet rcvd
03-20 00:54:27.113     0     0 I [    C3] [soft_i][0x130aecbe2d9][23: 54:27.267148] kiwi_v2: [0:I:WMA] src addr 192:168:178:97
03-20 00:54:27.113     0     0 I [    C3] [soft_i][0x130aecbe35e][23: 54:27.267155] kiwi_v2: [0:I:WMA] dst addr 255:255:255:255
03-20 00:54:27.113     0     0 I [    C3] [soft_i][0x130aecbe3ef][23: 54:27.267163] kiwi_v2: [0:I:WMA] wma_log_pkt_ipv4: Pkt_len: 202, src_port: 53402, dst_port: 38099
03-20 00:54:27.113     0     0 I [    C3] [soft_i][0x130aecbe4a6][23: 54:27.267172] kiwi_v2: [0:I:WMA] WLAN wake reason counters:
03-20 00:54:27.113     0     0 I [    C3] [soft_i][0x130aecbe53d][23: 54:27.267180] kiwi_v2: [0:I:WMA] uc:545 bc:577 v4_mc:321 v6_mc:138 ra:117 ns:0 na:0 icmp:0 icmpv6:117
03-20 00:54:27.113     0     0 I [    C3] [soft_i][0x130aecbe5c4][23: 54:27.267187] kiwi_v2: [0:I:WMA] assoc:0 disassoc:0 assoc_resp:0 reassoc:0 reassoc_resp:0 auth:0 deauth:0 action:18
03-20 00:54:27.113     0     0 I [    C3] [soft_i][0x130aecbe673][23: 54:27.267196] kiwi_v2: [0:I:WMA] pno_match:1 pno_complete:0 gscan:0 low_rssi:0 rssi_breach:0 oem:0 ucdrop:161 scan_11d:0 fatal_event:0
03-20 00:54:27.330 18295 18499 E Thing-Network: send udp error
03-20 00:54:27.330 18295 18499 E Thing-Network: error code 1,msg: Operation not permitted
03-20 00:54:27.330 18295 18499 E Thing-Network: send udp error
03-20 00:54:27.330 18295 18499 E Thing-Network: error code 1,msg: Operation not permitted
03-20 00:54:27.536  1644  5154 I vendor.qti.bluetooth@1.1-ibs_handler: ProcessIbsCmd: Received IBS_WAKE_IND: 0xFD
03-20 00:54:27.536  1644  5154 I vendor.qti.bluetooth@1.1-ibs_handler: ProcessIbsCmd: Writing IBS_WAKE_ACK
03-20 00:54:27.616  1644  5154 I vendor.qti.bluetooth@1.1-ibs_handler: ProcessIbsCmd: Received IBS_SLEEP_IND: 0xFE
03-20 00:54:27.807  2215 12531 I AppSearchIcing: icing-search-engine.cc:2405: Persisting data to disk with mode 3
03-20 00:54:27.820  2215 12531 I AppSearchIcing: icing-search-engine.cc:2418: PersistToDisk completed.
03-20 00:54:27.809  2497  2497 I BATTERY_CHG: battery_chg_update_soc_work: screen_is_on=1,delay=2500
03-20 00:54:27.974  1751  1751 I vendor.qti.hardware.servicetrackeraidl-service: bindService is called for service : com.google.android.gms/.chimera.PersistentDirectBootAwareApiService and for client com.google.android.gms.unstable
03-20 00:54:27.975  1751  1751 I vendor.qti.hardware.servicetrackeraidl-service: total connections for service : com.google.android.gms/.chimera.PersistentDirectBootAwareApiServiceare :20
03-20 00:54:27.975  1751  1751 I vendor.qti.hardware.servicetrackeraidl-service: total connections for client : com.google.android.gms.unstableare :2
03-20 00:54:27.976  2215  2995 I ActivityManager: AMS Mainhandler running 75
03-20 00:54:28.039  1751  1751 I vendor.qti.hardware.servicetrackeraidl-service: unbindService is called for service : com.google.android.gms/.chimera.GmsInternalBoundBrokerService and for client com.google.android.gms
03-20 00:54:28.083  1751  1751 I vendor.qti.hardware.servicetrackeraidl-service: bindService is called for service : com.google.android.gms/.chimera.PersistentDirectBootAwareApiService and for client com.google.android.googlequicksearchbox:interactor
03-20 00:54:28.083  1751  1751 I vendor.qti.hardware.servicetrackeraidl-service: total connections for service : com.google.android.gms/.chimera.PersistentDirectBootAwareApiServiceare :21
03-20 00:54:28.083  1751  1751 I vendor.qti.hardware.servicetrackeraidl-service: total connections for client : com.google.android.googlequicksearchbox:interactorare :4
03-20 00:54:28.111  8600  8608 W id.gms.unstable: userfaultfd: MOVE ioctl seems unsupported: Connection timed out
03-20 00:54:27.997 32416 32416 I [kworke][0x130afced3ba][23:54:28.151000] kiwi_v2: [32416:I:PMO] pmo_core_enable_wow_in_fw: drv wow is enabled
03-20 00:54:28.175  8019  8094 I Finsky:background: [187] Stats for Executor: bgExecutor vaq@a8848e7[Running, pool size = 4, active threads = 0, queued tasks = 0, completed tasks = 37]
03-20 00:54:28.179  8019  8094 I Finsky:background: [187] Stats for Executor: LightweightExecutor vaq@97308fb[Running, pool size = 4, active threads = 0, queued tasks = 0, completed tasks = 15]
03-20 00:54:28.237  8019  8094 I Finsky:background: [187] Stats for Executor: BlockingExecutor vaq@a2261b9[Running, pool size = 2, active threads = 0, queued tasks = 0, completed tasks = 12]
03-20 00:54:28.348  1644  5154 I vendor.qti.bluetooth@1.1-ibs_handler: ProcessIbsCmd: Received IBS_WAKE_IND: 0xFD
03-20 00:54:28.348  1644  5154 I vendor.qti.bluetooth@1.1-ibs_handler: ProcessIbsCmd: Writing IBS_WAKE_ACK
03-20 00:54:28.389  1644  5154 I vendor.qti.bluetooth@1.1-ibs_handler: ProcessIbsCmd: Received IBS_SLEEP_IND: 0xFE
03-20 00:54:28.390  1644  5154 I vendor.qti.bluetooth@1.1-ibs_handler: ProcessIbsCmd: Received IBS_WAKE_IND: 0xFD
03-20 00:54:28.390  1644  5154 I vendor.qti.bluetooth@1.1-ibs_handler: ProcessIbsCmd: Writing IBS_WAKE_ACK
03-20 00:54:28.430  1644  5154 I vendor.qti.bluetooth@1.1-ibs_handler: ProcessIbsCmd: Received IBS_SLEEP_IND: 0xFE
03-20 00:54:28.971  1644  5154 I vendor.qti.bluetooth@1.1-ibs_handler: ProcessIbsCmd: Received IBS_WAKE_IND: 0xFD
03-20 00:54:28.971  1644  5154 I vendor.qti.bluetooth@1.1-ibs_handler: ProcessIbsCmd: Writing IBS_WAKE_ACK
03-20 00:54:29.012  1644  5154 I vendor.qti.bluetooth@1.1-ibs_handler: ProcessIbsCmd: Received IBS_SLEEP_IND: 0xFE
03-20 00:54:29.234  2215  3631 I system_server: inputst send state success SendVal=10.
03-20 00:54:29.660  1644  5154 I vendor.qti.bluetooth@1.1-ibs_handler: ProcessIbsCmd: Received IBS_WAKE_IND: 0xFD
03-20 00:54:29.660  1644  5154 I vendor.qti.bluetooth@1.1-ibs_handler: ProcessIbsCmd: Writing IBS_WAKE_ACK
03-20 00:54:29.701  1644  5154 I vendor.qti.bluetooth@1.1-ibs_handler: ProcessIbsCmd: Received IBS_SLEEP_IND: 0xFE
03-20 00:54:29.826  1644  5154 I vendor.qti.bluetooth@1.1-ibs_handler: ProcessIbsCmd: Received IBS_WAKE_IND: 0xFD
03-20 00:54:29.827  1644  5154 I vendor.qti.bluetooth@1.1-ibs_handler: ProcessIbsCmd: Writing IBS_WAKE_ACK
03-20 00:54:29.867  1644  5154 I vendor.qti.bluetooth@1.1-ibs_handler: ProcessIbsCmd: Received IBS_SLEEP_IND: 0xFE
03-20 00:54:30.112 31541 31541 I [kworke][0x130b23a845b][23:54:30.266208] kiwi_v2: [31541:I:PMO] pmo_core_psoc_send_host_wakeup_ind_to_fw: Host wakeup indication sent to fw
03-20 00:54:30.342  1644  5154 I vendor.qti.bluetooth@1.1-ibs_handler: ProcessIbsCmd: Received IBS_WAKE_IND: 0xFD
03-20 00:54:30.342  1644  5154 I vendor.qti.bluetooth@1.1-ibs_handler: ProcessIbsCmd: Writing IBS_WAKE_ACK
03-20 00:54:30.383  1644  5154 I vendor.qti.bluetooth@1.1-ibs_handler: ProcessIbsCmd: Received IBS_SLEEP_IND: 0xFE
03-20 00:54:30.436  1644  5154 I vendor.qti.bluetooth@1.1-ibs_handler: ProcessIbsCmd: Received IBS_WAKE_IND: 0xFD
03-20 00:54:30.436  1644  5154 I vendor.qti.bluetooth@1.1-ibs_handler: ProcessIbsCmd: Writing IBS_WAKE_ACK
03-20 00:54:30.476  1644  5154 I vendor.qti.bluetooth@1.1-ibs_handler: ProcessIbsCmd: Received IBS_SLEEP_IND: 0xFE
03-20 00:54:30.966  1573 11042 I netd    : tetherGetStats() -> {[]} <2.81ms>
03-20 00:54:30.972  1573 11042 I netd    : tetherGetStats() -> {[]} <1.57ms>
03-20 00:54:30.975  2215  3787 I Scene-Network: collectNetwork start...
03-20 00:54:30.976  2215  3787 I Scene-Network: addNetworkItemLocked for  0, item :  0, items : [ 1,  0,  1,  0,  1,  1,  1,  1,  0,  1,  1,  0,  0,  1,  0,  0,  1,  1,  1,  0]
03-20 00:54:30.976  2215  3787 I Scene-Network: addNetworkItemLocked for  10466, item :  0, items : [ 0,  0,  0,  0,  0,  0,  0,  0,  0,  0,  0,  0,  0,  0,  0,  496,  1,  2,  1,  0]
03-20 00:54:30.976  2215  3787 I Scene-Network: addNetworkItemLocked for  1000, item :  0, items : [ 1,  4,  39,  8,  3,  3,  7,  0,  1,  3,  11,  0,  0,  3,  2,  0,  7,  3,  13,  0]
03-20 00:54:30.977  1751  1751 I vendor.qti.hardware.servicetrackeraidl-service: unbindService is called for service : com.google.android.gms/.ads.identifier.service.AdvertisingIdService and for client com.google.android.gms
03-20 00:54:30.977  2215  3787 I Scene-Network: addNetworkItemLocked for  1020, item :  0, items : [ 0,  5,  37,  10,  3,  4,  7,  0,  2,  4,  13,  0,  0,  4,  3,  0,  9,  4,  16,  0]
03-20 00:54:30.977  1751  1751 I vendor.qti.hardware.servicetrackeraidl-service: size of service connections for service: com.google.android.gms/.ads.identifier.service.AdvertisingIdServiceafter removal is 1
03-20 00:54:30.977  2215  3787 I Scene-Network: addNetworkItemLocked for  10977, item :  0, items : [ 1,  1,  1,  1,  1,  1,  1,  1,  1,  1,  1,  1,  1,  1,  1,  1,  1,  1,  1,  0]
03-20 00:54:30.977  1751  1751 I vendor.qti.hardware.servicetrackeraidl-service: size of client connections for client: com.google.android.gmsafter removal is 5
03-20 00:54:31.107  1751  1751 I vendor.qti.hardware.servicetrackeraidl-service: unbindService is called for service : com.google.android.gms/.tapandpay.globalactions.WalletQuickAccessWalletService and for client com.android.systemui
03-20 00:54:31.107  1751  1751 I vendor.qti.hardware.servicetrackeraidl-service: size of service connections for service: com.google.android.gms/.tapandpay.globalactions.WalletQuickAccessWalletServiceafter removal is 0
03-20 00:54:31.107  1751  1751 I vendor.qti.hardware.servicetrackeraidl-service: size of client connections for client: com.android.systemuiafter removal is 4
03-20 00:54:31.109  1751  1751 I vendor.qti.hardware.servicetrackeraidl-service: destroyService is called for service : com.google.android.gms/.tapandpay.globalactions.WalletQuickAccessWalletService
03-20 00:54:31.208  1644  5154 I vendor.qti.bluetooth@1.1-ibs_handler: ProcessIbsCmd: Received IBS_WAKE_IND: 0xFD
03-20 00:54:31.209  1644  5154 I vendor.qti.bluetooth@1.1-ibs_handler: ProcessIbsCmd: Writing IBS_WAKE_ACK
03-20 00:54:31.226  1751  1751 I vendor.qti.hardware.servicetrackeraidl-service: unbindService is called for service : com.google.android.gms/.chimera.PersistentDirectBootAwareApiService and for client com.google.android.gm
03-20 00:54:31.226  1751  1751 I vendor.qti.hardware.servicetrackeraidl-service: size of service connections for service: com.google.android.gms/.chimera.PersistentDirectBootAwareApiServiceafter removal is 20
03-20 00:54:31.226  1751  1751 I vendor.qti.hardware.servicetrackeraidl-service: size of client connections for client: com.google.android.gmafter removal is 5
03-20 00:54:31.249  1644  5154 I vendor.qti.bluetooth@1.1-ibs_handler: ProcessIbsCmd: Received IBS_SLEEP_IND: 0xFE
03-20 00:54:31.310 31541 31541 I [kworke][0x130b39986bc][23:54:31.464320] kiwi_v2: [31541:I:PMO] pmo_core_enable_wow_in_fw: drv wow is enabled
03-20 00:54:31.364 29242 29242 I BATTERY_CHG: handle_notification: power_supply_changed,online=1,type=1,oemtype=0,icl=500000,soc=9300,vbat=4244296,ibat=353768,temp=3000,WLS_ONLINE=0,vusb=4922000
03-20 00:54:31.374 11514 11514 I BATTERY_CHG: battery_chg_update_prop_work: fast_capacity online=1,oem_charger_type=0,last_oem_charger_type=0
03-20 00:54:31.382  1647  1647 W healthd : battery l=93 v=4244 t=30.0 h=2 st=2 c=353768 rc=5071290 fc=5453000 cc=517 chg=u
03-20 00:54:31.386   913   913 E <BRD>   : invalid capacity learned found
03-20 00:54:31.561 29242 29242 I policy  : charger_policy_battery_is_charging(): battery is charging: 1
03-20 00:54:31.561 29242 29242 I policy  : charger_policy_check_usb_present(): usb_online: 1
03-20 00:54:31.561 29242 29242 I policy  : charger_policy_check_usb_present(): usb_suspend: 0
03-20 00:54:31.562 29242 29242 I policy  : charger_policy_check_usb_present(): usb_present: 1
03-20 00:54:31.821  1644  5154 I vendor.qti.bluetooth@1.1-ibs_handler: ProcessIbsCmd: Received IBS_WAKE_IND: 0xFD
03-20 00:54:31.821  1644  5154 I vendor.qti.bluetooth@1.1-ibs_handler: ProcessIbsCmd: Writing IBS_WAKE_ACK
03-20 00:54:31.714 32416 32416 I [kworke][0x130b40fb4d6][23:54:31.867708] kiwi_v2: [32416:I:PMO] pmo_core_psoc_send_host_wakeup_ind_to_fw: Host wakeup indication sent to fw
03-20 00:54:31.724     0     0 I [    C3] [soft_i][0x130b412d555][23: 54:31.878382] kiwi_v2: [0:I:WMA] WLAN triggered wakeup: BPF_ALLOW (39), vdev: 0 (STA)
03-20 00:54:31.725     0     0 I [    C3] [soft_i][0x130b412ea08][23: 54:31.878658] kiwi_v2: [0:I:WMA] WLAN wake reason counters:
03-20 00:54:31.725     0     0 I [    C3] [soft_i][0x130b412ed2d][23: 54:31.878699] kiwi_v2: [0:I:WMA] uc:545 bc:577 v4_mc:321 v6_mc:138 ra:117 ns:0 na:0 icmp:0 icmpv6:117
03-20 00:54:31.725     0     0 I [    C3] [soft_i][0x130b412ee27][23: 54:31.878712] kiwi_v2: [0:I:WMA] assoc:0 disassoc:0 assoc_resp:0 reassoc:0 reassoc_resp:0 auth:0 deauth:0 action:18
03-20 00:54:31.725     0     0 I [    C3] [soft_i][0x130b412eeff][23: 54:31.878724] kiwi_v2: [0:I:WMA] pno_match:1 pno_complete:0 gscan:0 low_rssi:0 rssi_breach:0 oem:0 ucdrop:161 scan_11d:0 fatal_event:0
03-20 00:54:31.725     0     0 I [    C3] [soft_i][0x130b412f018][23: 54:31.878738] kiwi_v2: [0:I:WMA] wma_wake_event_packet: Wake event packet:
03-20 00:54:31.725     0     0 I [    C3] [soft_i][0x130b412f0b7][23: 54:31.878747] kiwi_v2: [0:I:WMA] 00000000: 54 1f 8d 46 c6 55 2c 3a fd 9f 18 77 86 dd 60 0f
03-20 00:54:31.725     0     0 I [    C3] [soft_i][0x130b412f141][23: 54:31.878754] kiwi_v2: [0:I:WMA] 00000010: 79 da 00 69 06 7a 2a 00 14 50 40 01 08 05 00 00
03-20 00:54:31.725     0     0 I [    C3] [soft_i][0x130b412f1c0][23: 54:31.878760] kiwi_v2: [0:I:WMA] 00000020: 00 00 00 00 20 0a 2a 02 09 08 26 12 f2 20 18 4d
03-20 00:54:31.725     0     0 I [    C3] [soft_i][0x130b412f23b][23: 54:31.878767] kiwi_v2: [0:I:WMA] 00000030: 66 7d 95 8d 73 16 01 bb e7 56 ec 93 83 e8 fd 19
03-20 00:54:31.725     0     0 I [    C3] [soft_i][0x130b412f2b6][23: 54:31.878773] kiwi_v2: [0:I:WMA] 00000040: 25 9f 80 18 04 18 b9 4b 00 00 01 01 08 0a 86 b5
03-20 00:54:31.725     0     0 I [    C3] [soft_i][0x130b412f32a][23: 54:31.878779] kiwi_v2: [0:I:WMA] 00000050: 55 eb 52 b7 a8 57 17 03 03 00 44 ad f3 4f dc 0d
03-20 00:54:31.725     0     0 I [    C3] [soft_i][0x130b412f450][23: 54:31.878795] kiwi_v2: [0:I:WMA] 00000060: 19 02 b1 8c 4c 91 f5 6c 59 cf 14 18 e2 37 70 64
03-20 00:54:31.725     0     0 I [    C3] [soft_i][0x130b412f4d9][23: 54:31.878802] kiwi_v2: [0:I:WMA] 00000070: 26 83 dd f8 90 1f 5e f0 1e ef f7 c1 78 4f fd e7
03-20 00:54:31.725     0     0 I [    C3] [soft_i][0x130b412f552][23: 54:31.878808] kiwi_v2: [0:I:WMA] 00000080: 35 f4 86 fd 69 03 2c c8 37 6e 6e 11 70 bb 32 fd
03-20 00:54:31.725     0     0 I [    C3] [soft_i][0x130b412f5c9][23: 54:31.878814] kiwi_v2: [0:I:WMA] 00000090: fb 36 59 b6
03-20 00:54:31.725     0     0 I [    C3] [soft_i][0x130b412f7e4][23: 54:31.878842] kiwi_v2: [0:I:WMA] WOW Wakeup: IPV6 TCP Packet rcvd
03-20 00:54:31.725     0     0 I [    C3] [soft_i][0x130b412f8ad][23: 54:31.878853] kiwi_v2: [0:I:WMA] src addr 2a00:1450:4001:0805:0000:0000:0000:200a
03-20 00:54:31.725     0     0 I [    C3] [soft_i][0x130b412f95c][23: 54:31.878862] kiwi_v2: [0:I:WMA] dst addr 2a02:0908:2612:f220:184d:667d:958d:7316
03-20 00:54:31.725     0     0 I [    C3] [soft_i][0x130b412f9df][23: 54:31.878869] kiwi_v2: [0:I:WMA] wma_log_pkt_ipv6: Pkt_len: 105, src_port: 443, dst_port: 59222
03-20 00:54:31.725     0     0 I [    C3] [soft_i][0x130b412faf0][23: 54:31.878883] kiwi_v2: [0:I:WMA] WLAN wake reason counters:
03-20 00:54:31.725     0     0 I [    C3] [soft_i][0x130b412fb8d][23: 54:31.878891] kiwi_v2: [0:I:WMA] uc:546 bc:577 v4_mc:321 v6_mc:138 ra:117 ns:0 na:0 icmp:0 icmpv6:117
03-20 00:54:31.725     0     0 I [    C3] [soft_i][0x130b412fc19][23: 54:31.878898] kiwi_v2: [0:I:WMA] assoc:0 disassoc:0 assoc_resp:0 reassoc:0 reassoc_resp:0 auth:0 deauth:0 action:18
03-20 00:54:31.725     0     0 I [    C3] [soft_i][0x130b412fcb6][23: 54:31.878907] kiwi_v2: [0:I:WMA] pno_match:1 pno_complete:0 gscan:0 low_rssi:0 rssi_breach:0 oem:0 ucdrop:161 scan_11d:0 fatal_event:0
03-20 00:54:31.885  1644  5154 I vendor.qti.bluetooth@1.1-ibs_handler: ProcessIbsCmd: Received IBS_SLEEP_IND: 0xFE
03-20 00:54:32.264  4665  8756 I NearbyMediums: Found Fast Ble Advertisements :
03-20 00:54:32.264  4665  8756 I NearbyMediums: BleAdvertisement { version=2, socketVersion=2, isFast=true, serviceIdHash=null, data=[ 0x23 0x47 0x4a 0x46 0x31 0x11 0x32 0x0c 0xc1 0x27 0xa3 0x74 0x93 0xf4 0xda 0x7f 0x67 0x20 0xe9 0x4a 0xe5 0xf0 0x93 ], deviceToken=[ 0xb5 0xfb ], rxAdvertisement=null } : 2 times.
03-20 00:54:32.264  4665  8756 I NearbyMediums: BleAdvertisement { version=2, socketVersion=2, isFast=true, serviceIdHash=null, data=[ 0x23 0x39 0x55 0x41 0x4f 0x11 0x32 0x13 0x87 0x16 0xbe 0xb0 0x5c 0xe9 0x20 0x7b 0x38 0x5b 0xa9 0x47 0x29 0xdb 0x76 ], deviceToken=[ 0x87 0x43 ], rxAdvertisement=null } : 2 times.
03-20 00:54:32.264  4665  8756 I NearbyMediums: Total 4 fast advertisements from 2 unique advertisers.
03-20 00:54:32.265  4665  8756 I NearbyMediums: Current Tracked Scanning Clients are : {NearbyConnections.EnvironmentMonitor, NearbySharing, NearbyConnections.TxAdvertisement}
