03-20 00:54:32.267  4665  8755 I NearbyConnections: Processing lost BlePeripheral BlePeripheral{advertisement=BleAdvertisement { version=2, socketVersion=2, isFast=true, serviceIdHash=null, data=[ 0x23 0x51 0x30 0x49 0x44 0x11 0x34 0xb5 0x49 0x35 0x58 0x99 0x17 0xcf 0xd7 0x43 0x6c 0xb2 0x52 0x61 0xdc 0xd7 0xeb ], deviceToken=[ 0x16 0x1a ], rxAdvertisement=null }, dctAdvertisement=null, address=null, psm=0, deviceToken=<ByteString@309ca9f size=2 contents="\026\032">, isSecondProfile=false, rxInstantConnectionAdv=null}.
03-20 00:54:32.268  4665  8755 I NearbyConnections: Lost BleEndpoint for BlePeripheral BlePeripheral{advertisement=BleAdvertisement { version=2, socketVersion=2, isFast=true, serviceIdHash=null, data=[ 0x23 0x51 0x30 0x49 0x44 0x11 0x34 0xb5 0x49 0x35 0x58 0x99 0x17 0xcf 0xd7 0x43 0x6c 0xb2 0x52 0x61 0xdc 0xd7 0xeb ], deviceToken=[ 0x16 0x1a ], rxAdvertisement=null }, dctAdvertisement=null, address=null, psm=0, deviceToken=<ByteString@309ca9f size=2 contents="\026\032">, isSecondProfile=false, rxInstantConnectionAdv=null} (with EndpointId Q0ID and EndpointInfo [ 0x34 0xb5 0x49 0x35 0x58 0x99 0x17 0xcf 0xd7 0x43 0x6c 0xb2 0x52 0x61 0xdc 0xd7 0xeb ]).
03-20 00:54:32.268  4665  8755 I NearbyConnections: ClientProxy(6018016) reporting onEndpointLost(Q0ID)
03-20 00:54:32.269  4665  8755 I NearbySharing: NearbySharing Internal event EndpointLost(endpointId=Q0ID)
03-20 00:54:32.623  4665  7509 W Settings: Setting airplane_mode_on has moved from android.provider.Settings.System to android.provider.Settings.Global, returning read-only value.
03-20 00:54:32.627  4665  8636 W SystemServiceRegistry: No service published for: wifirtt
03-20 00:54:32.641 11819 11819 I wpa_supplicant: wlan0: Event SCAN_STARTED (47) received
03-20 00:54:32.645  2215  3842 I LocationAccessPolicy: com.whatsapp is aware of coarse but the app-ops permission is specifically denied.
03-20 00:54:32.684  1644  5154 I vendor.qti.bluetooth@1.1-ibs_handler: ProcessIbsCmd: Received IBS_WAKE_IND: 0xFD
03-20 00:54:32.684  1644  5154 I vendor.qti.bluetooth@1.1-ibs_handler: ProcessIbsCmd: Writing IBS_WAKE_ACK
03-20 00:54:32.534  4068  4068 E [schedu][0x130b4ffeac4][23:54:32.687627] kiwi_v2: [4068:E:HDD] hdd_tsf_is_initialized: TSF is not initialized
03-20 00:54:32.534  4068  4068 E [schedu][0x130b4fff02b][23:54:32.687699] kiwi_v2: [4068:E:HDD] hdd_get_tsf_cb: tsf is not init, ignore tsf event
03-20 00:54:32.540  4068  4068 I [schedu][0x130b501c856][23:54:32.693995] kiwi_v2: [4068:I:CMN_MLME] [23:54:32.683000] [ROAM_TRIGGER]: VDEV[0] Reason: "BACKGROUND SCAN"
03-20 00:54:32.540  4068  4068 I [schedu][0x130b501dc0b][23:54:32.694258] kiwi_v2: [4068:I:CMN_MLME] [23:54:32.683000] [ROAM_SCAN]: VDEV[0] Scan_type: NO SCAN
03-20 00:54:32.540  4068  4068 I [schedu][0x130b501de1b][23:54:32.694285] kiwi_v2: [4068:I:CMN_MLME] ============================================================================================================================
03-20 00:54:32.540  4068  4068 I [schedu][0x130b501e10a][23:54:32.694324] kiwi_v2: [4068:I:CMN_MLME]      AP BSSID           TSTAMP       CH   TY  ETP  RSSI/SCR CU%/SCR TOT_SCR  BL_RSN BL_SRC    BL_TSTAMP       BL_TIMEOUT(ms)
03-20 00:54:32.540  4068  4068 I [schedu][0x130b501e2e1][23:54:32.694349] kiwi_v2: [4068:I:CMN_MLME] ============================================================================================================================
03-20 00:54:32.540  4068  4068 I [schedu][0x130b501e5db][23:54:32.694389] kiwi_v2: [4068:I:CMN_MLME] 2c:**:**:**:b4:04 [23:54:32.683000] 5300 P_AP    0  46/2000  1/2000  7341       0       0 [00:00:00.000000]         0
03-20 00:54:32.540  4068  4068 I [schedu][0x130b501eca6][23:54:32.694479] kiwi_v2: [4068:I:CMN_MLME] [23:54:32.683000] [ROAM_RESULT]: VDEV[0] Reason: CURRENT AP STILL OK
03-20 00:54:32.540  4068  4068 I [schedu][0x130b501f4df][23:54:32.694589] kiwi_v2: [4068:I:CMN_MLME] [ROAM INIT INFO]: VDEV[0], roam_full_scan_count: 0, rssi_th: -78, cu_th: 0, fw_cancel_timer_bitmap: 0
03-20 00:54:32.541  4068  4068 I [schedu][0x130b502025b][23:54:32.694769] kiwi_v2: [4068:I:OSIF] scan start scan id 42183
03-20 00:54:32.725  1644  5154 I vendor.qti.bluetooth@1.1-ibs_handler: ProcessIbsCmd: Received IBS_SLEEP_IND: 0xFE
03-20 00:54:32.743  1644  5154 I vendor.qti.bluetooth@1.1-ibs_handler: ProcessIbsCmd: Received IBS_WAKE_IND: 0xFD
03-20 00:54:32.744  1644  5154 I vendor.qti.bluetooth@1.1-ibs_handler: ProcessIbsCmd: Writing IBS_WAKE_ACK
03-20 00:54:32.807  1644  5154 I vendor.qti.bluetooth@1.1-ibs_handler: ProcessIbsCmd: Received IBS_SLEEP_IND: 0xFE
03-20 00:54:32.923  2215  2995 I ActivityManager: AMS Mainhandler running 58
03-20 00:54:33.331 18295 18499 E Thing-Network: send udp error
03-20 00:54:33.331 18295 18499 E Thing-Network: error code 1,msg: Operation not permitted
03-20 00:54:33.331 18295 18499 E Thing-Network: send udp error
03-20 00:54:33.331 18295 18499 E Thing-Network: error code 1,msg: Operation not permitted
03-20 00:54:33.270  4068  4068 E [schedu][0x130b5d7cbe3][23:54:33.424496] kiwi_v2: [4068:E:HDD] hdd_tsf_is_initialized: TSF is not initialized
03-20 00:54:33.270  4068  4068 E [schedu][0x130b5d7d123][23:54:33.424566] kiwi_v2: [4068:E:HDD] hdd_get_tsf_cb: tsf is not init, ignore tsf event
03-20 00:54:33.899 11819 11819 I wpa_supplicant: wlan0: Event SCAN_RESULTS (3) received
03-20 00:54:33.751  4068  4068 I [schedu][0x130b6629e96][23:54:33.898345] kiwi_v2: [4068:I:OSIF] vdev 0, scan id 42183 type COMPLETED(1) reason COMPLETED(1) scan found 14 bss
03-20 00:54:33.908  2456  4237 I LOWI-9.0.1.68: [LOWI-Scan] lowi_close_record:Scan done in 68137106ms, 15 APs in scan results
03-20 00:54:33.913  2456  2491 I LOWI-9.0.1.68: [LOWIUtils] responseToOutPostcard - TO: FreeWifiScanObserver, FROM:   LOWI-SERVER, RESP:  LOWI_ASYNC_DISCOVERY_SCAN_RESULTS
03-20 00:54:33.913  4665  4794 I WifiScanner: onFullResults
03-20 00:54:33.915  4665  8352 I WifiScanner: onFullResults
03-20 00:54:33.916  4665  4679 I WifiScanner: onFullResults
03-20 00:54:33.968  2215  2911 I AccessibilityWindowManager: mDisplayId=0, topFocusedDisplayId=0, currentUserId=0, visibleBgUsers=null
03-20 00:54:33.968  2215  2911 I AccessibilityWindowManager: 5 windows changed: [{displayId=0, title=null}, {displayId=0, title=null}, {displayId=0, title=null}, {displayId=0, title=null}, {displayId=0, title=Poweramp}]
03-20 00:54:34.055  1644  5154 I vendor.qti.bluetooth@1.1-ibs_handler: ProcessIbsCmd: Received IBS_WAKE_IND: 0xFD
03-20 00:54:34.056  1644  5154 I vendor.qti.bluetooth@1.1-ibs_handler: ProcessIbsCmd: Writing IBS_WAKE_ACK
03-20 00:54:34.059  2215  2995 I ActivityManager: AMS Mainhandler running 58
03-20 00:54:34.072  4665  8756 I NearbyConnections: Found BleAdvertisement [ 0x23 0x51 0x30 0x49 0x44 0x11 0x34 0xb5 0x49 0x35 0x58 0x99 0x17 0xcf 0xd7 0x43 0x6c 0xb2 0x52 0x61 0xdc 0xd7 0xeb ] (with EndpointId Q0ID and EndpointInfo [ 0x34 0xb5 0x49 0x35 0x58 0x99 0x17 0xcf 0xd7 0x43 0x6c 0xb2 0x52 0x61 0xdc 0xd7 0xeb ])
03-20 00:54:34.074  4665  8756 I NearbyConnections: ClientProxy(6018016 0p:com.google.android.gms.nearby.sharing) reporting onEndpointFound(Q0ID)
03-20 00:54:34.075  4665  7477 I NearbySharing: NearbySharing Internal event EndpointDiscovered(endpointId=Q0ID)
03-20 00:54:34.076  4665  8756 I NearbyConnections: ClientProxy(6018016) reporting onEndpointDistanceChanged(Q0ID, UNKNOWN)
03-20 00:54:34.147  1644  5154 I vendor.qti.bluetooth@1.1-ibs_handler: ProcessIbsCmd: Received IBS_SLEEP_IND: 0xFE
03-20 00:54:34.373 28772 28772 I [kworke][0x130b71af19d][23:54:34.527505] kiwi_v2: [28772:I:PMO] pmo_core_enable_wow_in_fw: drv wow is enabled
03-20 00:54:34.818  1644  5154 I vendor.qti.bluetooth@1.1-ibs_handler: ProcessIbsCmd: Received IBS_WAKE_IND: 0xFD
03-20 00:54:34.818  1644  5154 I vendor.qti.bluetooth@1.1-ibs_handler: ProcessIbsCmd: Writing IBS_WAKE_ACK
03-20 00:54:34.859  1644  5154 I vendor.qti.bluetooth@1.1-ibs_handler: ProcessIbsCmd: Received IBS_SLEEP_IND: 0xFE
03-20 00:54:34.928  1751  1751 I vendor.qti.hardware.servicetrackeraidl-service: bindService is called for service : com.google.android.gms/.chimera.PersistentDirectBootAwareApiService and for client com.google.android.gms.persistent
03-20 00:54:34.928  1751  1751 I vendor.qti.hardware.servicetrackeraidl-service: total connections for service : com.google.android.gms/.chimera.PersistentDirectBootAwareApiServiceare :20
03-20 00:54:34.928  1751  1751 I vendor.qti.hardware.servicetrackeraidl-service: total connections for client : com.google.android.gms.persistentare :11
03-20 00:54:35.396  8019  8416 I PlayCommon: [229] Preparing logs for uploading
03-20 00:54:35.404  2215  3841 W UriGrantsManagerService: No permission grants found for com.android.vending
03-20 00:54:35.419  8019  8416 I PlayCommon: [229] Connecting to server for timestamp: https://play.googleapis.com/play/log/timestamp
03-20 00:54:35.421  1573  8760 I resolv  : GetAddrInfoHandler::run: {114 262258 114 983154 10322 0}
03-20 00:54:35.427  1573  8761 I resolv  : res_nmkquery: (QUERY, IN, AAAA)
03-20 00:54:35.427  1573  8762 I resolv  : res_nmkquery: (QUERY, IN, A)
03-20 00:54:35.280 31541 31541 I [kworke][0x130b8248cc0][23:54:35.434107] kiwi_v2: [31541:I:PMO] pmo_core_psoc_send_host_wakeup_ind_to_fw: Host wakeup indication sent to fw
03-20 00:54:35.444  2215  3597 I ActivityManager: cfreezer skip unfreeze even though blocking file lock found: [17965, 18295]
03-20 00:54:35.475  1573  8761 I resolv  : res_nsend: used send_dg 149 terrno: 0
03-20 00:54:35.476  1573  8762 I resolv  : res_nsend: used send_dg 101 terrno: 0
03-20 00:54:35.477  1573  8761 I resolv  : doQuery: rcode=0, ancount=4, return value=149
03-20 00:54:35.477  1573  8762 I resolv  : doQuery: rcode=0, ancount=4, return value=101
03-20 00:54:35.489  1644  5154 I vendor.qti.bluetooth@1.1-ibs_handler: ProcessIbsCmd: Received IBS_WAKE_IND: 0xFD
03-20 00:54:35.489  1644  5154 I vendor.qti.bluetooth@1.1-ibs_handler: ProcessIbsCmd: Writing IBS_WAKE_ACK
03-20 00:54:35.530  1644  5154 I vendor.qti.bluetooth@1.1-ibs_handler: ProcessIbsCmd: Received IBS_SLEEP_IND: 0xFE
03-20 00:54:35.533  1644  5154 I vendor.qti.bluetooth@1.1-ibs_handler: ProcessIbsCmd: Received IBS_WAKE_IND: 0xFD
03-20 00:54:35.533  1644  5154 I vendor.qti.bluetooth@1.1-ibs_handler: ProcessIbsCmd: Writing IBS_WAKE_ACK
03-20 00:54:35.551  2215  2995 I ActivityManager: AMS Mainhandler running 58
03-20 00:54:35.589  1644  5154 I vendor.qti.bluetooth@1.1-ibs_handler: ProcessIbsCmd: Received IBS_SLEEP_IND: 0xFE
03-20 00:54:35.621  8019  8416 I PlayCommon: [229] Connecting to server: https://play.googleapis.com/play/log?format=raw&proto_v2=true
03-20 00:54:35.666  8019  8416 I PlayCommon: [229] Successfully uploaded logs.
03-20 00:54:36.167 31541 31541 I [kworke][0x130b9286b49][23:54:36.321128] kiwi_v2: [31541:I:PMO] pmo_core_enable_wow_in_fw: drv wow is enabled
03-20 00:54:36.354  1644  5154 I vendor.qti.bluetooth@1.1-ibs_handler: ProcessIbsCmd: Received IBS_WAKE_IND: 0xFD
03-20 00:54:36.354  1644  5154 I vendor.qti.bluetooth@1.1-ibs_handler: ProcessIbsCmd: Writing IBS_WAKE_ACK
03-20 00:54:36.395  1644  5154 I vendor.qti.bluetooth@1.1-ibs_handler: ProcessIbsCmd: Received IBS_SLEEP_IND: 0xFE
03-20 00:54:36.627 32416 32416 I [kworke][0x130b9af18eb][23:54:36.780829] kiwi_v2: [32416:I:PMO] pmo_core_psoc_send_host_wakeup_ind_to_fw: Host wakeup indication sent to fw
03-20 00:54:36.637     0     0 I [    C3] [soft_i][0x130b9b23226][23: 54:36.791406] kiwi_v2: [0:I:WMA] WLAN triggered wakeup: LOCAL_DATA_UC_DROP (64), vdev: 0 (STA)
03-20 00:54:36.638     0     0 I [    C3] [soft_i][0x130b9b2477f][23: 54:36.791690] kiwi_v2: [0:I:WMA] WLAN wake reason counters:
03-20 00:54:36.638     0     0 I [    C3] [soft_i][0x130b9b24a0e][23: 54:36.791724] kiwi_v2: [0:I:WMA] uc:546 bc:577 v4_mc:321 v6_mc:138 ra:117 ns:0 na:0 icmp:0 icmpv6:117
03-20 00:54:36.638     0     0 I [    C3] [soft_i][0x130b9b24aff][23: 54:36.791737] kiwi_v2: [0:I:WMA] assoc:0 disassoc:0 assoc_resp:0 reassoc:0 reassoc_resp:0 auth:0 deauth:0 action:18
03-20 00:54:36.638     0     0 I [    C3] [soft_i][0x130b9b24bf1][23: 54:36.791750] kiwi_v2: [0:I:WMA] pno_match:1 pno_complete:0 gscan:0 low_rssi:0 rssi_breach:0 oem:0 ucdrop:161 scan_11d:0 fatal_event:0
03-20 00:54:36.638     0     0 I [    C3] [soft_i][0x130b9b24d1e][23: 54:36.791765] kiwi_v2: [0:I:WMA] WLAN wake reason counters:
03-20 00:54:36.638     0     0 I [    C3] [soft_i][0x130b9b24dbd][23: 54:36.791774] kiwi_v2: [0:I:WMA] uc:546 bc:577 v4_mc:321 v6_mc:138 ra:117 ns:0 na:0 icmp:0 icmpv6:117
03-20 00:54:36.638     0     0 I [    C3] [soft_i][0x130b9b24e69][23: 54:36.791782] kiwi_v2: [0:I:WMA] assoc:0 disassoc:0 assoc_resp:0 reassoc:0 reassoc_resp:0 auth:0 deauth:0 action:18
03-20 00:54:36.638     0     0 I [    C3] [soft_i][0x130b9b24f0d][23: 54:36.791791] kiwi_v2: [0:I:WMA] pno_match:1 pno_complete:0 gscan:0 low_rssi:0 rssi_breach:0 oem:0 ucdrop:162 scan_11d:0 fatal_event:0
03-20 00:54:36.980  1644  5154 I vendor.qti.bluetooth@1.1-ibs_handler: ProcessIbsCmd: Received IBS_WAKE_IND: 0xFD
03-20 00:54:36.980  1644  5154 I vendor.qti.bluetooth@1.1-ibs_handler: ProcessIbsCmd: Writing IBS_WAKE_ACK
03-20 00:54:37.022  1644  5154 I vendor.qti.bluetooth@1.1-ibs_handler: ProcessIbsCmd: Received IBS_SLEEP_IND: 0xFE
03-20 00:54:36.930   887   887 I logd    : logdr: UID=2000 GID=2000 PID=8763 n tail=0 logMask=99 pid=0 start=0ns deadline=0ns
03-20 00:54:37.625  2215  2995 I ActivityManager: AMS Mainhandler running 58
03-20 00:54:37.788  1644  5154 I vendor.qti.bluetooth@1.1-ibs_handler: ProcessIbsCmd: Received IBS_WAKE_IND: 0xFD
03-20 00:54:37.788  1644  5154 I vendor.qti.bluetooth@1.1-ibs_handler: ProcessIbsCmd: Writing IBS_WAKE_ACK
03-20 00:54:37.829  1644  5154 I vendor.qti.bluetooth@1.1-ibs_handler: ProcessIbsCmd: Received IBS_SLEEP_IND: 0xFE
03-20 00:54:37.835  1644  5154 I vendor.qti.bluetooth@1.1-ibs_handler: ProcessIbsCmd: Received IBS_WAKE_IND: 0xFD
03-20 00:54:37.835  1644  5154 I vendor.qti.bluetooth@1.1-ibs_handler: ProcessIbsCmd: Writing IBS_WAKE_ACK
03-20 00:54:37.876  1644  5154 I vendor.qti.bluetooth@1.1-ibs_handler: ProcessIbsCmd: Received IBS_SLEEP_IND: 0xFE
03-20 00:54:38.046  2497  2497 I BATTERY_CHG: battery_chg_update_soc_work: screen_is_on=1,delay=2500
03-20 00:54:38.431  1644  5154 I vendor.qti.bluetooth@1.1-ibs_handler: ProcessIbsCmd: Received IBS_WAKE_IND: 0xFD
03-20 00:54:38.431  1644  5154 I vendor.qti.bluetooth@1.1-ibs_handler: ProcessIbsCmd: Writing IBS_WAKE_ACK
03-20 00:54:38.472  1644  5154 I vendor.qti.bluetooth@1.1-ibs_handler: ProcessIbsCmd: Received IBS_SLEEP_IND: 0xFE
03-20 00:54:38.824 32416 32416 I [kworke][0x130bc32e272][23:54:38.978290] kiwi_v2: [32416:I:PMO] pmo_core_enable_wow_in_fw: drv wow is enabled
03-20 00:54:38.867 32416 32416 I [kworke][0x130bc3f76d2][23:54:39.021228] kiwi_v2: [32416:I:HIF] hif_rtpm_restore_autosuspend_delay: RTPM delay set: 500 ms
03-20 00:54:39.213  1644  5154 I vendor.qti.bluetooth@1.1-ibs_handler: ProcessIbsCmd: Received IBS_WAKE_IND: 0xFD
03-20 00:54:39.213  1644  5154 I vendor.qti.bluetooth@1.1-ibs_handler: ProcessIbsCmd: Writing IBS_WAKE_ACK
03-20 00:54:39.254  1644  5154 I vendor.qti.bluetooth@1.1-ibs_handler: ProcessIbsCmd: Received IBS_SLEEP_IND: 0xFE
03-20 00:54:39.289  1644  5154 I vendor.qti.bluetooth@1.1-ibs_handler: ProcessIbsCmd: Received IBS_WAKE_IND: 0xFD
03-20 00:54:39.290  1644  5154 I vendor.qti.bluetooth@1.1-ibs_handler: ProcessIbsCmd: Writing IBS_WAKE_ACK
03-20 00:54:39.327 18295 18499 E Thing-Network: send udp error
03-20 00:54:39.327 18295 18499 E Thing-Network: error code 1,msg: Operation not permitted
03-20 00:54:39.328 18295 18499 E Thing-Network: send udp error
03-20 00:54:39.328 18295 18499 E Thing-Network: error code 1,msg: Operation not permitted
03-20 00:54:39.331  1644  5154 I vendor.qti.bluetooth@1.1-ibs_handler: ProcessIbsCmd: Received IBS_SLEEP_IND: 0xFE
03-20 00:54:39.846  1644  5154 I vendor.qti.bluetooth@1.1-ibs_handler: ProcessIbsCmd: Received IBS_WAKE_IND: 0xFD
03-20 00:54:39.846  1644  5154 I vendor.qti.bluetooth@1.1-ibs_handler: ProcessIbsCmd: Writing IBS_WAKE_ACK
03-20 00:54:39.905  1644  5154 I vendor.qti.bluetooth@1.1-ibs_handler: ProcessIbsCmd: Received IBS_SLEEP_IND: 0xFE
03-20 00:54:39.986  1644  5154 I vendor.qti.bluetooth@1.1-ibs_handler: ProcessIbsCmd: Received IBS_WAKE_IND: 0xFD
03-20 00:54:39.987  1644  5154 I vendor.qti.bluetooth@1.1-ibs_handler: ProcessIbsCmd: Writing IBS_WAKE_ACK
03-20 00:54:40.034  1644  5154 I vendor.qti.bluetooth@1.1-ibs_handler: ProcessIbsCmd: Received IBS_SLEEP_IND: 0xFE
03-20 00:54:40.110 32416 32416 I [kworke][0x130bdabb97a][23:54:40.264570] kiwi_v2: [32416:I:PMO] pmo_core_psoc_send_host_wakeup_ind_to_fw: Host wakeup indication sent to fw
03-20 00:54:40.270  1848  1848 I vendor.rmt_storage: rmt_storage_connect_cb: clnt_h=0x81 conn_h=0xb4000077ada3d390
03-20 00:54:40.270  1848  1848 I vendor.rmt_storage: rmt_storage_rw_iovec_cb: /boot/modem_fs1: req_h=0x81 msg_id=3: R/W request received (wr_count 123)
03-20 00:54:40.270  1848  1848 I vendor.rmt_storage: wakelock acquired: 1, error no: 11
03-20 00:54:40.116  1848  1848 I rmt_storage: INFO:rmt_storage_rw_iovec_cb: Write iovec request (req_h 0x81 wr_count 123) received for /boot/modem_fs1
03-20 00:54:40.271  1848  2501 I vendor.rmt_storage: rmt_storage_client_thread: /boot/modem_fs1: Unblock worker thread (th_id: 510788463792)
03-20 00:54:40.118  2501  2501 I rmt_storage: INFO:rmt_storage_client_thread: Calling Write
03-20 00:54:40.118  2501  2501 I rmt_storage: INFO:rmt_storage_client_thread: offset=0
03-20 00:54:40.118  2501  2501 I rmt_storage: INFO:rmt_storage_client_thread: size=4194304
03-20 00:54:40.118  2501  2501 I rmt_storage: INFO:rmt_storage_client_thread: req_h 0x81
03-20 00:54:40.118  2501  2501 I rmt_storage: INFO:rmt_storage_client_thread: wr_count 123
03-20 00:54:40.118  2501  2501 I rmt_storage: INFO:rmt_storage_client_thread: for /boot/modem_fs1!
03-20 00:54:40.121     0     0 I [    C3] [soft_i][0x130bdaecb8b][23: 54:40.275051] kiwi_v2: [0:I:WMA] WLAN triggered wakeup: BPF_ALLOW (39), vdev: 0 (STA)
03-20 00:54:40.121     0     0 I [    C3] [soft_i][0x130bdaedf8c][23: 54:40.275318] kiwi_v2: [0:I:WMA] WLAN wake reason counters:
03-20 00:54:40.121     0     0 I [    C3] [soft_i][0x130bdaee08b][23: 54:40.275331] kiwi_v2: [0:I:WMA] uc:546 bc:577 v4_mc:321 v6_mc:138 ra:117 ns:0 na:0 icmp:0 icmpv6:117
03-20 00:54:40.121     0     0 I [    C3] [soft_i][0x130bdaee165][23: 54:40.275342] kiwi_v2: [0:I:WMA] assoc:0 disassoc:0 assoc_resp:0 reassoc:0 reassoc_resp:0 auth:0 deauth:0 action:18
03-20 00:54:40.121     0     0 I [    C3] [soft_i][0x130bdaee3bc][23: 54:40.275373] kiwi_v2: [0:I:WMA] pno_match:1 pno_complete:0 gscan:0 low_rssi:0 rssi_breach:0 oem:0 ucdrop:162 scan_11d:0 fatal_event:0
03-20 00:54:40.121     0     0 I [    C3] [soft_i][0x130bdaee4ed][23: 54:40.275389] kiwi_v2: [0:I:WMA] wma_wake_event_packet: Wake event packet:
03-20 00:54:40.121     0     0 I [    C3] [soft_i][0x130bdaee58c][23: 54:40.275398] kiwi_v2: [0:I:WMA] 00000000: 54 1f 8d 46 c6 55 2c 3a fd 9f 18 77 86 dd 60 00
03-20 00:54:40.121     0     0 I [    C3] [soft_i][0x130bdaee60f][23: 54:40.275405] kiwi_v2: [0:I:WMA] 00000010: 00 00 00 38 06 37 2a 03 28 80 f3 7c 01 20 fa ce
03-20 00:54:40.121     0     0 I [    C3] [soft_i][0x130bdaee68e][23: 54:40.275411] kiwi_v2: [0:I:WMA] 00000020: b0 0c 00 00 01 67 2a 02 09 08 26 12 f2 20 18 4d
03-20 00:54:40.121     0     0 I [    C3] [soft_i][0x130bdaee705][23: 54:40.275417] kiwi_v2: [0:I:WMA] 00000030: 66 7d 95 8d 73 16 01 bb ad ee 5c ee 3c 4b 98 92
03-20 00:54:40.121     0     0 I [    C3] [soft_i][0x130bdaee78b][23: 54:40.275424] kiwi_v2: [0:I:WMA] 00000040: 03 ed 80 18 01 16 f5 30 00 00 01 01 08 0a be 47
03-20 00:54:40.121     0     0 I [    C3] [soft_i][0x130bdaee80b][23: 54:40.275431] kiwi_v2: [0:I:WMA] 00000050: 09 0b 8a d9 38 8c 17 03 03 00 13 d6 c0 ac d0 73
03-20 00:54:40.121     0     0 I [    C3] [soft_i][0x130bdaee87f][23: 54:40.275437] kiwi_v2: [0:I:WMA] 00000060: df 41 c1 c1 5c f7 24 40 01 b3 1e 09 49 3c
03-20 00:54:40.121     0     0 I [    C3] [soft_i][0x130bdaeeac8][23: 54:40.275467] kiwi_v2: [0:I:WMA] WOW Wakeup: IPV6 TCP Packet rcvd
03-20 00:54:40.121     0     0 I [    C3] [soft_i][0x130bdaeebad][23: 54:40.275479] kiwi_v2: [0:I:WMA] src addr 2a03:2880:f37c:0120:face:b00c:0000:0167
03-20 00:54:40.121     0     0 I [    C3] [soft_i][0x130bdaeec6c][23: 54:40.275489] kiwi_v2: [0:I:WMA] dst addr 2a02:0908:2612:f220:184d:667d:958d:7316
03-20 00:54:40.121     0     0 I [    C3] [soft_i][0x130bdaeecfe][23: 54:40.275497] kiwi_v2: [0:I:WMA] wma_log_pkt_ipv6: Pkt_len: 56, src_port: 443, dst_port: 44526
03-20 00:54:40.121     0     0 I [    C3] [soft_i][0x130bdaeee29][23: 54:40.275513] kiwi_v2: [0:I:WMA] WLAN wake reason counters:
03-20 00:54:40.121     0     0 I [    C3] [soft_i][0x130bdaeeeca][23: 54:40.275521] kiwi_v2: [0:I:WMA] uc:547 bc:577 v4_mc:321 v6_mc:138 ra:117 ns:0 na:0 icmp:0 icmpv6:117
03-20 00:54:40.121     0     0 I [    C3] [soft_i][0x130bdaeef61][23: 54:40.275529] kiwi_v2: [0:I:WMA] assoc:0 disassoc:0 assoc_resp:0 reassoc:0 reassoc_resp:0 auth:0 deauth:0 action:18
03-20 00:54:40.121     0     0 I [    C3] [soft_i][0x130bdaef000][23: 54:40.275537] kiwi_v2: [0:I:WMA] pno_match:1 pno_complete:0 gscan:0 low_rssi:0 rssi_breach:0 oem:0 ucdrop:162 scan_11d:0 fatal_event:0
03-20 00:54:40.325  1848  2501 I vendor.rmt_storage: rmt_storage_client_thread: /boot/modem_fs1: req_h=0x81 msg_id=3: Bytes written = 4194304, wr_count 123
03-20 00:54:40.326  1848  2501 I vendor.rmt_storage: rmt_storage_client_thread: /boot/modem_fs1: req_h=0x81 msg_id=3: Send response: res=0 err=0, wr_count 123
03-20 00:54:40.172  2501  2501 I rmt_storage: INFO:rmt_storage_client_thread: Done Write (bytes = 4194304, req_h 0x81, wr_count 123) for /boot/modem_fs1!
03-20 00:54:40.326  1848  2501 I vendor.rmt_storage: rmt_storage_client_thread: /boot/modem_fs1: About to block rmt_storage client thread (th_id: 510788463792) wakelock released: 1, error no: 22
03-20 00:54:40.326  1848  2501 I vendor.rmt_storage: 
03-20 00:54:40.327  1635  1799 I minksocket: MinkIPC MESSAGE: ( 1635:1799 ) MinkIPC_QRTR_Service:351 minkipc = 0xb40000736acad690 sock = 11, client with node 0 port 11ee went down
03-20 00:54:40.328  1635  1803 I minksocket: MinkIPC MESSAGE: ( 1635:1803 ) MinkIPC_QRTR_Service:351 minkipc = 0xb40000736acab430 sock = 22, client with node 0 port 11ee went down
03-20 00:54:40.328  1848  1848 I vendor.rmt_storage: rmt_storage_disconnect_cb: clnt_h=0x81 conn_h=0xb4000077ada3d390
03-20 00:54:40.438  1751  1751 I vendor.qti.hardware.servicetrackeraidl-service: bindService is called for service : com.google.android.gms/.chimera.PersistentDirectBootAwareApiService and for client com.google.android.apps.photos
03-20 00:54:40.438  1751  1751 I vendor.qti.hardware.servicetrackeraidl-service: total connections for service : com.google.android.gms/.chimera.PersistentDirectBootAwareApiServiceare :21
03-20 00:54:40.438  1751  1751 I vendor.qti.hardware.servicetrackeraidl-service: total connections for client : com.google.android.apps.photosare :3
03-20 00:54:40.439  2215  2995 I ActivityManager: AMS Mainhandler running 75
03-20 00:54:40.643  1644  5154 I vendor.qti.bluetooth@1.1-ibs_handler: ProcessIbsCmd: Received IBS_WAKE_IND: 0xFD
03-20 00:54:40.643  1644  5154 I vendor.qti.bluetooth@1.1-ibs_handler: ProcessIbsCmd: Writing IBS_WAKE_ACK
03-20 00:54:40.684  1644  5154 I vendor.qti.bluetooth@1.1-ibs_handler: ProcessIbsCmd: Received IBS_SLEEP_IND: 0xFE
03-20 00:54:40.702  1644  5154 I vendor.qti.bluetooth@1.1-ibs_handler: ProcessIbsCmd: Received IBS_WAKE_IND: 0xFD
03-20 00:54:40.702  1644  5154 I vendor.qti.bluetooth@1.1-ibs_handler: ProcessIbsCmd: Writing IBS_WAKE_ACK
03-20 00:54:40.763  1644  5154 I vendor.qti.bluetooth@1.1-ibs_handler: ProcessIbsCmd: Received IBS_SLEEP_IND: 0xFE
03-20 00:54:41.134  2215  3800 I PowerTracker: cancel network checking 
03-20 00:54:41.233 32416 32416 I [kworke][0x130bef4b370][23:54:41.387476] kiwi_v2: [32416:I:PMO] pmo_core_enable_wow_in_fw: drv wow is enabled
03-20 00:54:42.070  1644  5154 I vendor.qti.bluetooth@1.1-ibs_handler: ProcessIbsCmd: Received IBS_WAKE_IND: 0xFD
03-20 00:54:42.070  1644  5154 I vendor.qti.bluetooth@1.1-ibs_handler: ProcessIbsCmd: Writing IBS_WAKE_ACK
03-20 00:54:42.111  1644  5154 I vendor.qti.bluetooth@1.1-ibs_handler: ProcessIbsCmd: Received IBS_SLEEP_IND: 0xFE
03-20 00:54:42.135  1644  5154 I vendor.qti.bluetooth@1.1-ibs_handler: ProcessIbsCmd: Received IBS_WAKE_IND: 0xFD
03-20 00:54:42.135  1644  5154 I vendor.qti.bluetooth@1.1-ibs_handler: ProcessIbsCmd: Writing IBS_WAKE_ACK
03-20 00:54:42.175  1644  5154 I vendor.qti.bluetooth@1.1-ibs_handler: ProcessIbsCmd: Received IBS_SLEEP_IND: 0xFE
03-20 00:54:42.052 32416 32416 I [kworke][0x130bfe4982a][23:54:42.206313] kiwi_v2: [32416:I:PMO] pmo_core_psoc_send_host_wakeup_ind_to_fw: Host wakeup indication sent to fw
03-20 00:54:42.063     0     0 I [    C3] [soft_i][0x130bfe7d721][23: 54:42.217392] kiwi_v2: [0:I:WMA] WLAN triggered wakeup: BPF_ALLOW (39), vdev: 0 (STA)
03-20 00:54:42.064     0     0 I [    C3] [soft_i][0x130bfe7eb2d][23: 54:42.217659] kiwi_v2: [0:I:WMA] WLAN wake reason counters:
03-20 00:54:42.064     0     0 I [    C3] [soft_i][0x130bfe7ec37][23: 54:42.217673] kiwi_v2: [0:I:WMA] uc:547 bc:577 v4_mc:321 v6_mc:138 ra:117 ns:0 na:0 icmp:0 icmpv6:117
03-20 00:54:42.064     0     0 I [    C3] [soft_i][0x130bfe7ed0c][23: 54:42.217684] kiwi_v2: [0:I:WMA] assoc:0 disassoc:0 assoc_resp:0 reassoc:0 reassoc_resp:0 auth:0 deauth:0 action:18
03-20 00:54:42.064     0     0 I [    C3] [soft_i][0x130bfe7ede1][23: 54:42.217695] kiwi_v2: [0:I:WMA] pno_match:1 pno_complete:0 gscan:0 low_rssi:0 rssi_breach:0 oem:0 ucdrop:162 scan_11d:0 fatal_event:0
03-20 00:54:42.064     0     0 I [    C3] [soft_i][0x130bfe7eff9][23: 54:42.217723] kiwi_v2: [0:I:WMA] wma_wake_event_packet: Wake event packet:
03-20 00:54:42.064     0     0 I [    C3] [soft_i][0x130bfe7f0ac][23: 54:42.217733] kiwi_v2: [0:I:WMA] 00000000: ff ff ff ff ff ff 74 4c a1 a2 9a d3 08 00 45 00
03-20 00:54:42.064     0     0 I [    C3] [soft_i][0x130bfe7f12d][23: 54:42.217739] kiwi_v2: [0:I:WMA] 00000010: 00 ca 69 fe 40 00 40 11 5d 1b c0 a8 b2 61 ff ff
03-20 00:54:42.064     0     0 I [    C3] [soft_i][0x130bfe7f1b3][23: 54:42.217746] kiwi_v2: [0:I:WMA] 00000020: ff ff d0 9a 94 d3 00 b6 e8 e5 7b 22 6d 61 67 69
03-20 00:54:42.064     0     0 I [    C3] [soft_i][0x130bfe7f232][23: 54:42.217753] kiwi_v2: [0:I:WMA] 00000030: 63 22 3a 20 22 50 43 4c 49 4e 4b 5f 44 49 53 43
03-20 00:54:42.064     0     0 I [    C3] [soft_i][0x130bfe7f2a9][23: 54:42.217759] kiwi_v2: [0:I:WMA] 00000040: 4f 56 45 52 59 5f 42 45 41 43 4f 4e 5f 56 31 22
03-20 00:54:42.064     0     0 I [    C3] [soft_i][0x130bfe7f32f][23: 54:42.217766] kiwi_v2: [0:I:WMA] 00000050: 2c 20 22 70 6f 72 74 22 3a 20 33 38 30 38 30 2c
03-20 00:54:42.064     0     0 I [    C3] [soft_i][0x130bfe7f3a2][23: 54:42.217772] kiwi_v2: [0:I:WMA] 00000060: 20 22 68 6f 73 74 6e 61 6d 65 22 3a 20 22 6f 6c
03-20 00:54:42.064     0     0 I [    C3] [soft_i][0x130bfe7f413][23: 54:42.217778] kiwi_v2: [0:I:WMA] 00000070: 69 76 65 72 2d 4c 65 6e 6f 76 6f 2d 56 31 35 2d
03-20 00:54:42.064     0     0 I [    C3] [soft_i][0x130bfe7f497][23: 54:42.217785] kiwi_v2: [0:I:WMA] 00000080: 41 44 41 22 2c 20 22 68 74 74 70 73 22 3a 20 74
03-20 00:54:42.064     0     0 I [    C3] [soft_i][0x130bfe7f50a][23: 54:42.217791] kiwi_v2: [0:I:WMA] 00000090: 72 75 65 2c
03-20 00:54:42.064     0     0 I [    C3] [soft_i][0x130bfe7f784][23: 54:42.217824] kiwi_v2: [0:I:WMA] WOW Wakeup: IPV4 UDP Packet rcvd
03-20 00:54:42.064     0     0 I [    C3] [soft_i][0x130bfe7f812][23: 54:42.217831] kiwi_v2: [0:I:WMA] src addr 192:168:178:97
03-20 00:54:42.064     0     0 I [    C3] [soft_i][0x130bfe7f89e][23: 54:42.217839] kiwi_v2: [0:I:WMA] dst addr 255:255:255:255
03-20 00:54:42.064     0     0 I [    C3] [soft_i][0x130bfe7f93c][23: 54:42.217847] kiwi_v2: [0:I:WMA] wma_log_pkt_ipv4: Pkt_len: 202, src_port: 53402, dst_port: 38099
03-20 00:54:42.064     0     0 I [    C3] [soft_i][0x130bfe7fa16][23: 54:42.217858] kiwi_v2: [0:I:WMA] WLAN wake reason counters:
03-20 00:54:42.064     0     0 I [    C3] [soft_i][0x130bfe7faad][23: 54:42.217866] kiwi_v2: [0:I:WMA] uc:547 bc:578 v4_mc:321 v6_mc:138 ra:117 ns:0 na:0 icmp:0 icmpv6:117
03-20 00:54:42.064     0     0 I [    C3] [soft_i][0x130bfe7fb4d][23: 54:42.217874] kiwi_v2: [0:I:WMA] assoc:0 disassoc:0 assoc_resp:0 reassoc:0 reassoc_resp:0 auth:0 deauth:0 action:18
03-20 00:54:42.064     0     0 I [    C3] [soft_i][0x130bfe7fbe2][23: 54:42.217882] kiwi_v2: [0:I:WMA] pno_match:1 pno_complete:0 gscan:0 low_rssi:0 rssi_breach:0 oem:0 ucdrop:162 scan_11d:0 fatal_event:0
03-20 00:54:42.267  4665  8755 I NearbyMediums: Found Fast Ble Advertisements :
03-20 00:54:42.267  4665  8755 I NearbyMediums: BleAdvertisement { version=2, socketVersion=2, isFast=true, serviceIdHash=null, data=[ 0x23 0x47 0x4a 0x46 0x31 0x11 0x32 0x0c 0xc1 0x27 0xa3 0x74 0x93 0xf4 0xda 0x7f 0x67 0x20 0xe9 0x4a 0xe5 0xf0 0x93 ], deviceToken=[ 0xb5 0xfb ], rxAdvertisement=null } : 3 times.
03-20 00:54:42.267  4665  8755 I NearbyMediums: BleAdvertisement { version=2, socketVersion=2, isFast=true, serviceIdHash=null, data=[ 0x23 0x39 0x55 0x41 0x4f 0x11 0x32 0x13 0x87 0x16 0xbe 0xb0 0x5c 0xe9 0x20 0x7b 0x38 0x5b 0xa9 0x47 0x29 0xdb 0x76 ], deviceToken=[ 0x87 0x43 ], rxAdvertisement=null } : 2 times.
03-20 00:54:42.267  4665  8755 I NearbyMediums: BleAdvertisement { version=2, socketVersion=2, isFast=true, serviceIdHash=null, data=[ 0x23 0x51 0x30 0x49 0x44 0x11 0x34 0xb5 0x49 0x35 0x58 0x99 0x17 0xcf 0xd7 0x43 0x6c 0xb2 0x52 0x61 0xdc 0xd7 0xeb ], deviceToken=[ 0x16 0x1a ], rxAdvertisement=null } : 1 times.
03-20 00:54:42.267  4665  8755 I NearbyMediums: Total 6 fast advertisements from 3 unique advertisers.
03-20 00:54:42.268  4665  8755 I NearbyMediums: Current Tracked Scanning Clients are : {NearbyConnections.EnvironmentMonitor, NearbySharing, NearbyConnections.TxAdvertisement}
03-20 00:54:42.658 32416 32416 I [kworke][0x130c0961e61][23:54:42.812262] kiwi_v2: [32416:I:PMO] pmo_core_enable_wow_in_fw: drv wow is enabled
03-20 00:54:42.993  1644  5154 I vendor.qti.bluetooth@1.1-ibs_handler: ProcessIbsCmd: Received IBS_WAKE_IND: 0xFD
03-20 00:54:42.993  1644  5154 I vendor.qti.bluetooth@1.1-ibs_handler: ProcessIbsCmd: Writing IBS_WAKE_ACK
03-20 00:54:43.034  1644  5154 I vendor.qti.bluetooth@1.1-ibs_handler: ProcessIbsCmd: Received IBS_SLEEP_IND: 0xFE
03-20 00:54:43.148  1751  1751 I vendor.qti.hardware.servicetrackeraidl-service: unbindService is called for service : com.google.android.gms/.chimera.PersistentDirectBootAwareApiService and for client com.google.android.googlequicksearchbox:interactor
03-20 00:54:43.149  1751  1751 I vendor.qti.hardware.servicetrackeraidl-service: size of service connections for service: com.google.android.gms/.chimera.PersistentDirectBootAwareApiServiceafter removal is 20
03-20 00:54:43.149  1751  1751 I vendor.qti.hardware.servicetrackeraidl-service: size of client connections for client: com.google.android.googlequicksearchbox:interactorafter removal is 3
03-20 00:54:43.602  1644  5154 I vendor.qti.bluetooth@1.1-ibs_handler: ProcessIbsCmd: Received IBS_WAKE_IND: 0xFD
03-20 00:54:43.603  1644  5154 I vendor.qti.bluetooth@1.1-ibs_handler: ProcessIbsCmd: Writing IBS_WAKE_ACK
03-20 00:54:43.643  1644  5154 I vendor.qti.bluetooth@1.1-ibs_handler: ProcessIbsCmd: Received IBS_SLEEP_IND: 0xFE
03-20 00:54:43.831  3900  4054 E FenceTime: FenceTime::applyTrustedSnapshot: signalTime mismatch. (48674862323253 (old) != -1 (new))
03-20 00:54:44.011  1751  1751 I vendor.qti.hardware.servicetrackeraidl-service: unbindService is called for service : com.google.android.gms/.chimera.PersistentDirectBootAwareApiService and for client com.google.android.gms.unstable
03-20 00:54:44.402  1644  5154 I vendor.qti.bluetooth@1.1-ibs_handler: ProcessIbsCmd: Received IBS_WAKE_IND: 0xFD
03-20 00:54:44.403  1644  5154 I vendor.qti.bluetooth@1.1-ibs_handler: ProcessIbsCmd: Writing IBS_WAKE_ACK
03-20 00:54:44.272 28772 28772 I [kworke][0x130c26ed967][23:54:44.425849] kiwi_v2: [28772:I:PMO] pmo_core_psoc_send_host_wakeup_ind_to_fw: Host wakeup indication sent to fw
03-20 00:54:44.450  1644  5154 I vendor.qti.bluetooth@1.1-ibs_handler: ProcessIbsCmd: Received IBS_SLEEP_IND: 0xFE
03-20 00:54:44.767 27138 27202 E msys    : E[N WA]_WAJMNSStreamImplOnMNSFailure(287)=>[LogLevel:I] WAJMNSStream/impl/callback/onMNSFailure/p=0xb400006fe090e940 (error=MNSTCPSocketReceive(): Received EOF)
03-20 00:54:44.768 27138 27202 E msys    : E[N WA]_WAJMNSStreamImplCreateConnectionReport(194)=>[LogLevel:I] WAJMNSStream/impl/report port=443, connectedIPVersion=6, resolvedIPAddressCount=2, dnsResolutionStartTimeMS=48624882, dnsResolutionEndTimeMS=48624886, dnsCacheHit=Yes, connectStartTimeMS=48624886, connectEndTimeMS=48624923, proxyConnectStartTimeMS=0, proxyConnectEndTimeMS=0
03-20 00:54:44.768 27138 27202 E msys    : E[N WA]_WAJMNSStreamImplUpdateStreamState(230)=>[LogLevel:I] WAJMNSStream/impl/state-changed/p=0xb400006fe090e940 (connected=>disconnected)
03-20 00:54:44.777 27138 27177 E msys    : E[N WA]WAJMNSStreamImplDisconnectSync(497)=>[LogLevel:W] WAJMNSStream/impl/disconnect/p=0xb400006fe090e940 (bytesSent=1625)(bytesRecv=3176)
03-20 00:54:44.784  1751  1751 I vendor.qti.hardware.servicetrackeraidl-service: destroyService is called for service : com.whatsapp/.messageservice.messaging.MessageService
03-20 00:54:44.796  1573 11042 I netd    : tetherGetStats() -> {[]} <1.66ms>
03-20 00:54:44.933  1644  5154 I vendor.qti.bluetooth@1.1-ibs_handler: ProcessIbsCmd: Received IBS_WAKE_IND: 0xFD
03-20 00:54:44.934  1644  5154 I vendor.qti.bluetooth@1.1-ibs_handler: ProcessIbsCmd: Writing IBS_WAKE_ACK
03-20 00:54:44.974  1644  5154 I vendor.qti.bluetooth@1.1-ibs_handler: ProcessIbsCmd: Received IBS_SLEEP_IND: 0xFE
03-20 00:54:44.984  1644  5154 I vendor.qti.bluetooth@1.1-ibs_handler: ProcessIbsCmd: Received IBS_WAKE_IND: 0xFD
03-20 00:54:44.984  1644  5154 I vendor.qti.bluetooth@1.1-ibs_handler: ProcessIbsCmd: Writing IBS_WAKE_ACK
03-20 00:54:45.025  1644  5154 I vendor.qti.bluetooth@1.1-ibs_handler: ProcessIbsCmd: Received IBS_SLEEP_IND: 0xFE
03-20 00:54:45.330 18295 18499 E Thing-Network: send udp error
03-20 00:54:45.330 18295 18499 E Thing-Network: error code 1,msg: Operation not permitted
03-20 00:54:45.330 18295 18499 E Thing-Network: send udp error
03-20 00:54:45.330 18295 18499 E Thing-Network: error code 1,msg: Operation not permitted
03-20 00:54:45.764  1644  5154 I vendor.qti.bluetooth@1.1-ibs_handler: ProcessIbsCmd: Received IBS_WAKE_IND: 0xFD
03-20 00:54:45.764  1644  5154 I vendor.qti.bluetooth@1.1-ibs_handler: ProcessIbsCmd: Writing IBS_WAKE_ACK
03-20 00:54:45.820  1644  5154 I vendor.qti.bluetooth@1.1-ibs_handler: ProcessIbsCmd: Received IBS_SLEEP_IND: 0xFE
03-20 00:54:45.997  1573 11042 I netd    : tetherGetStats() -> {[]} <1.83ms>
03-20 00:54:46.001  1573 11042 I netd    : tetherGetStats() -> {[]} <1.11ms>
03-20 00:54:46.003  2215  3787 I Scene-Network: collectNetwork start...
03-20 00:54:46.004  2215  3787 I Scene-Network: addNetworkItemLocked for  0, item :  0, items : [ 0,  1,  0,  1,  1,  1,  1,  0,  1,  1,  0,  0,  1,  0,  0,  1,  1,  1,  1,  0]
03-20 00:54:46.004  2215  3787 I Scene-Network: addNetworkItemLocked for  10322, item :  0, items : [ 0,  2,  0,  0,  30,  0,  1,  0,  0,  0,  1,  0,  0,  0,  44,  0,  0,  0,  0,  0]
03-20 00:54:46.004  2215  3787 I Scene-Network: addNetworkItemLocked for  10322, item :  12, items : [ 0,  2,  0,  0,  30,  0,  1,  0,  0,  0,  1,  0,  0,  0,  44,  0,  0,  0,  0,  12]
03-20 00:54:46.005  2215  3787 I Scene-Network: addNetworkItemLocked for  10466, item :  0, items : [ 0,  0,  0,  0,  0,  0,  0,  0,  0,  0,  0,  0,  0,  0,  496,  1,  2,  1,  1,  0]
03-20 00:54:46.005  2215  3787 I Scene-Network: addNetworkItemLocked for  10466, item :  2, items : [ 0,  0,  0,  0,  0,  0,  0,  0,  0,  0,  0,  0,  0,  0,  496,  1,  2,  1,  1,  2]
03-20 00:54:46.005  2215  3787 I Scene-Network: addNetworkItemLocked for  10314, item :  0, items : [ 0,  0,  0,  34,  0,  0,  0,  0,  0,  0,  0,  0,  0,  0,  0,  0,  0,  0,  0,  0]
03-20 00:54:46.005  2215  3787 I Scene-Network: addNetworkItemLocked for  1000, item :  0, items : [ 4,  39,  8,  3,  3,  7,  0,  1,  3,  11,  0,  0,  3,  2,  0,  7,  3,  13,  9,  0]
03-20 00:54:46.005  2215  3787 I Scene-Network: addNetworkItemLocked for  10977, item :  0, items : [ 1,  1,  1,  1,  1,  1,  1,  1,  1,  1,  1,  1,  1,  1,  1,  1,  1,  1,  1,  0]
03-20 00:54:45.948 28772 28772 I [kworke][0x130c45a146a][23:54:46.102583] kiwi_v2: [28772:I:PMO] pmo_core_enable_wow_in_fw: drv wow is enabled
03-20 00:54:46.150 32416 32416 I [kworke][0x130c4952a6b][23:54:46.304263] kiwi_v2: [32416:I:PMO] pmo_core_psoc_send_host_wakeup_ind_to_fw: Host wakeup indication sent to fw
03-20 00:54:46.161     0     0 I [    C3] [soft_i][0x130c4985eab][23: 54:46.315200] kiwi_v2: [0:I:WMA] WLAN triggered wakeup: BPF_ALLOW (39), vdev: 0 (STA)
03-20 00:54:46.161     0     0 I [    C3] [soft_i][0x130c4987435][23: 54:46.315487] kiwi_v2: [0:I:WMA] WLAN wake reason counters:
03-20 00:54:46.161     0     0 I [    C3] [soft_i][0x130c4987537][23: 54:46.315500] kiwi_v2: [0:I:WMA] uc:547 bc:578 v4_mc:321 v6_mc:138 ra:117 ns:0 na:0 icmp:0 icmpv6:117
03-20 00:54:46.161     0     0 I [    C3] [soft_i][0x130c498770b][23: 54:46.315524] kiwi_v2: [0:I:WMA] assoc:0 disassoc:0 assoc_resp:0 reassoc:0 reassoc_resp:0 auth:0 deauth:0 action:18
03-20 00:54:46.161     0     0 I [    C3] [soft_i][0x130c4987800][23: 54:46.315537] kiwi_v2: [0:I:WMA] pno_match:1 pno_complete:0 gscan:0 low_rssi:0 rssi_breach:0 oem:0 ucdrop:162 scan_11d:0 fatal_event:0
03-20 00:54:46.161     0     0 I [    C3] [soft_i][0x130c4987943][23: 54:46.315554] kiwi_v2: [0:I:WMA] wma_wake_event_packet: Wake event packet:
03-20 00:54:46.161     0     0 I [    C3] [soft_i][0x130c49879ec][23: 54:46.315563] kiwi_v2: [0:I:WMA] 00000000: 01 00 5e 00 00 fb dc e5 5b 4e 3a 53 08 00 45 00
03-20 00:54:46.161     0     0 I [    C3] [soft_i][0x130c4987a7b][23: 54:46.315570] kiwi_v2: [0:I:WMA] 00000010: 00 44 ab bf 40 00 ff 11 7b 96 c0 a8 b2 ae e0 00
03-20 00:54:46.161     0     0 I [    C3] [soft_i][0x130c4987af4][23: 54:46.315576] kiwi_v2: [0:I:WMA] 00000020: 00 fb 14 e9 14 e9 00 30 25 52 00 00 00 00 00 01
03-20 00:54:46.161     0     0 I [    C3] [soft_i][0x130c4987b77][23: 54:46.315583] kiwi_v2: [0:I:WMA] 00000030: 00 00 00 00 00 00 0b 5f 67 6f 6f 67 6c 65 7a 6f
03-20 00:54:46.161     0     0 I [    C3] [soft_i][0x130c4987bf7][23: 54:46.315590] kiwi_v2: [0:I:WMA] 00000040: 6e 65 04 5f 74 63 70 05 6c 6f 63 61 6c 00 00 0c
03-20 00:54:46.161     0     0 I [    C3] [soft_i][0x130c4987c63][23: 54:46.315596] kiwi_v2: [0:I:WMA] 00000050: 00 01
03-20 00:54:46.162     0     0 I [    C3] [soft_i][0x130c4987eb1][23: 54:46.315626] kiwi_v2: [0:I:WMA] WOW Wakeup: IPV4 UDP Packet rcvd
03-20 00:54:46.162     0     0 I [    C3] [soft_i][0x130c4987f3b][23: 54:46.315633] kiwi_v2: [0:I:WMA] src addr 192:168:178:174
03-20 00:54:46.162     0     0 I [    C3] [soft_i][0x130c4987fbc][23: 54:46.315640] kiwi_v2: [0:I:WMA] dst addr 224:0:0:251
03-20 00:54:46.162     0     0 I [    C3] [soft_i][0x130c4988049][23: 54:46.315647] kiwi_v2: [0:I:WMA] wma_log_pkt_ipv4: Pkt_len: 68, src_port: 5353, dst_port: 5353
03-20 00:54:46.162     0     0 I [    C3] [soft_i][0x130c498810f][23: 54:46.315658] kiwi_v2: [0:I:WMA] WLAN wake reason counters:
03-20 00:54:46.162     0     0 I [    C3] [soft_i][0x130c49881a8][23: 54:46.315666] kiwi_v2: [0:I:WMA] uc:547 bc:578 v4_mc:322 v6_mc:138 ra:117 ns:0 na:0 icmp:0 icmpv6:117
03-20 00:54:46.162     0     0 I [    C3] [soft_i][0x130c4988235][23: 54:46.315673] kiwi_v2: [0:I:WMA] assoc:0 disassoc:0 assoc_resp:0 reassoc:0 reassoc_resp:0 auth:0 deauth:0 action:18
03-20 00:54:46.162     0     0 I [    C3] [soft_i][0x130c49882c9][23: 54:46.315681] kiwi_v2: [0:I:WMA] pno_match:1 pno_complete:0 gscan:0 low_rssi:0 rssi_breach:0 oem:0 ucdrop:162 scan_11d:0 fatal_event:0
03-20 00:54:46.496  1644  5154 I vendor.qti.bluetooth@1.1-ibs_handler: ProcessIbsCmd: Received IBS_WAKE_IND: 0xFD
03-20 00:54:46.496  1644  5154 I vendor.qti.bluetooth@1.1-ibs_handler: ProcessIbsCmd: Writing IBS_WAKE_ACK
03-20 00:54:46.537  1644  5154 I vendor.qti.bluetooth@1.1-ibs_handler: ProcessIbsCmd: Received IBS_SLEEP_IND: 0xFE
03-20 00:54:46.861  3900  4054 E FenceTime: FenceTime::applyTrustedSnapshot: signalTime mismatch. (48674862323253 (old) != -1 (new))
03-20 00:54:46.973   887   887 I logd    : logdr: UID=2000 GID=2000 PID=8772 n tail=0 logMask=99 pid=0 start=0ns deadline=0ns
