03-20 00:54:19.064  7801  7801 E mpz.audioplayer: No package ID 80 found for resource ID 0x800b0068.
03-20 00:54:19.064  7801  7801 E mpz.audioplayer: No package ID 80 found for resource ID 0x800b001d.
03-20 00:54:19.064  7801  7801 E mpz.audioplayer: No package ID 80 found for resource ID 0x800b051a.
03-20 00:54:19.064  7801  7801 E mpz.audioplayer: No package ID 80 found for resource ID 0x800b03fe.
03-20 00:54:19.064  7801  7801 E mpz.audioplayer: No package ID 80 found for resource ID 0x800b0054.
03-20 00:54:19.064  7801  7801 E mpz.audioplayer: No package ID 80 found for resource ID 0x800b0052.
03-20 00:54:19.064  7801  7801 E mpz.audioplayer: No package ID 80 found for resource ID 0x800b03bf.
03-20 00:54:19.064  7801  7801 E mpz.audioplayer: No package ID 80 found for resource ID 0x800b0402.
03-20 00:54:19.064  7801  7801 E mpz.audioplayer: No package ID 80 found for resource ID 0x800b03b8.
03-20 00:54:19.064  7801  7801 E mpz.audioplayer: No package ID 80 found for resource ID 0x800b038e.
03-20 00:54:19.064  7801  7801 E mpz.audioplayer: No package ID 80 found for resource ID 0x800b0386.
03-20 00:54:19.064  7801  7801 E mpz.audioplayer: No package ID 80 found for resource ID 0x800b0569.
03-20 00:54:19.064  7801  7801 E mpz.audioplayer: No package ID 80 found for resource ID 0x800b0352.
03-20 00:54:19.064  7801  7801 E mpz.audioplayer: No package ID 80 found for resource ID 0x800b003a.
03-20 00:54:19.064  7801  7801 E mpz.audioplayer: No package ID 80 found for resource ID 0x800b042f.
03-20 00:54:19.064  7801  7801 E mpz.audioplayer: No package ID 80 found for resource ID 0x800b0064.
03-20 00:54:19.064  7801  7801 E mpz.audioplayer: No package ID 80 found for resource ID 0x800b0463.
03-20 00:54:19.064  7801  7801 E mpz.audioplayer: No package ID 80 found for resource ID 0x800b046e.
03-20 00:54:19.064  7801  7801 E mpz.audioplayer: No package ID 80 found for resource ID 0x800b0002.
03-20 00:54:19.064  7801  7801 E mpz.audioplayer: No package ID 80 found for resource ID 0x800b0450.
03-20 00:54:19.064  7801  7801 E mpz.audioplayer: No package ID 80 found for resource ID 0x800b04b2.
03-20 00:54:19.064  7801  7801 E mpz.audioplayer: No package ID 80 found for resource ID 0x800b0475.
03-20 00:54:19.064  7801  7801 E mpz.audioplayer: No package ID 80 found for resource ID 0x800b0445.
03-20 00:54:19.064  7801  7801 E mpz.audioplayer: No package ID 80 found for resource ID 0x800b0516.
03-20 00:54:19.064  7801  7801 E mpz.audioplayer: No package ID 80 found for resource ID 0x800b0431.
03-20 00:54:19.064  7801  7801 E mpz.audioplayer: No package ID 80 found for resource ID 0x800b032d.
03-20 00:54:19.064  7801  7801 E mpz.audioplayer: No package ID 80 found for resource ID 0x800b0329.
03-20 00:54:19.064  7801  7801 E mpz.audioplayer: No package ID 80 found for resource ID 0x800b0199.
03-20 00:54:19.064  7801  7801 E mpz.audioplayer: No package ID 80 found for resource ID 0x800b005e.
03-20 00:54:19.064  7801  7801 E mpz.audioplayer: No package ID 80 found for resource ID 0x800b004a.
03-20 00:54:19.064  7801  7801 E mpz.audioplayer: No package ID 80 found for resource ID 0x800b0068.
03-20 00:54:19.064  7801  7801 E mpz.audioplayer: No package ID 80 found for resource ID 0x800b001d.
03-20 00:54:19.064  7801  7801 E mpz.audioplayer: No package ID 80 found for resource ID 0x800b051a.
03-20 00:54:19.064  7801  7801 E mpz.audioplayer: No package ID 80 found for resource ID 0x800b03fe.
03-20 00:54:19.064  7801  7801 E mpz.audioplayer: No package ID 80 found for resource ID 0x800b0054.
03-20 00:54:19.064  7801  7801 E mpz.audioplayer: No package ID 80 found for resource ID 0x800b0052.
03-20 00:54:19.064  7801  7801 E mpz.audioplayer: No package ID 80 found for resource ID 0x800b03bf.
03-20 00:54:19.064  7801  7801 E mpz.audioplayer: No package ID 80 found for resource ID 0x800b0402.
03-20 00:54:19.064  7801  7801 E mpz.audioplayer: No package ID 80 found for resource ID 0x800b03b8.
03-20 00:54:19.064  7801  7801 E mpz.audioplayer: No package ID 80 found for resource ID 0x800b038e.
03-20 00:54:19.064  7801  7801 E mpz.audioplayer: No package ID 80 found for resource ID 0x800b0386.
03-20 00:54:19.064  7801  7801 E mpz.audioplayer: No package ID 80 found for resource ID 0x800b0569.
03-20 00:54:19.064  7801  7801 E mpz.audioplayer: No package ID 80 found for resource ID 0x800b0352.
03-20 00:54:19.065  7801  7801 E mpz.audioplayer: No package ID 80 found for resource ID 0x800b003a.
03-20 00:54:19.065  7801  7801 E mpz.audioplayer: No package ID 80 found for resource ID 0x800b042e.
03-20 00:54:19.066  7801  7801 E mpz.audioplayer: No package ID 80 found for resource ID 0x800b042e.
03-20 00:54:19.066  7801  7801 E mpz.audioplayer: No package ID 80 found for resource ID 0x800b0064.
03-20 00:54:19.066  7801  7801 E mpz.audioplayer: No package ID 80 found for resource ID 0x800b0462.
03-20 00:54:19.066  7801  7801 E mpz.audioplayer: No package ID 80 found for resource ID 0x800b046d.
03-20 00:54:19.066  7801  7801 E mpz.audioplayer: No package ID 80 found for resource ID 0x800b0002.
03-20 00:54:19.066  7801  7801 E mpz.audioplayer: No package ID 80 found for resource ID 0x800b044f.
03-20 00:54:19.066  7801  7801 E mpz.audioplayer: No package ID 80 found for resource ID 0x800b04b1.
03-20 00:54:19.066  7801  7801 E mpz.audioplayer: No package ID 80 found for resource ID 0x800b0474.
03-20 00:54:19.066  7801  7801 E mpz.audioplayer: No package ID 80 found for resource ID 0x800b0444.
03-20 00:54:19.066  7801  7801 E mpz.audioplayer: No package ID 80 found for resource ID 0x800b0515.
03-20 00:54:19.066  7801  7801 E mpz.audioplayer: No package ID 80 found for resource ID 0x800b0430.
03-20 00:54:19.066  7801  7801 E mpz.audioplayer: No package ID 80 found for resource ID 0x800b032c.
03-20 00:54:19.066  7801  7801 E mpz.audioplayer: No package ID 80 found for resource ID 0x800b0328.
03-20 00:54:19.066  7801  7801 E mpz.audioplayer: No package ID 80 found for resource ID 0x800b0199.
03-20 00:54:19.066  7801  7801 E mpz.audioplayer: No package ID 80 found for resource ID 0x800b005e.
03-20 00:54:19.066  7801  7801 E mpz.audioplayer: No package ID 80 found for resource ID 0x800b004a.
03-20 00:54:19.066  7801  7801 E mpz.audioplayer: No package ID 80 found for resource ID 0x800b0068.
03-20 00:54:19.066  7801  7801 E mpz.audioplayer: No package ID 80 found for resource ID 0x800b001d.
03-20 00:54:19.066  7801  7801 E mpz.audioplayer: No package ID 80 found for resource ID 0x800b0519.
03-20 00:54:19.066  7801  7801 E mpz.audioplayer: No package ID 80 found for resource ID 0x800b03fd.
03-20 00:54:19.066  7801  7801 E mpz.audioplayer: No package ID 80 found for resource ID 0x800b0054.
03-20 00:54:19.066  7801  7801 E mpz.audioplayer: No package ID 80 found for resource ID 0x800b0052.
03-20 00:54:19.066  7801  7801 E mpz.audioplayer: No package ID 80 found for resource ID 0x800b03be.
03-20 00:54:19.066  7801  7801 E mpz.audioplayer: No package ID 80 found for resource ID 0x800b0401.
03-20 00:54:19.066  7801  7801 E mpz.audioplayer: No package ID 80 found for resource ID 0x800b03b7.
03-20 00:54:19.066  7801  7801 E mpz.audioplayer: No package ID 80 found for resource ID 0x800b038d.
03-20 00:54:19.066  7801  7801 E mpz.audioplayer: No package ID 80 found for resource ID 0x800b0385.
03-20 00:54:19.066  7801  7801 E mpz.audioplayer: No package ID 80 found for resource ID 0x800b0568.
03-20 00:54:19.066  7801  7801 E mpz.audioplayer: No package ID 80 found for resource ID 0x800b0351.
03-20 00:54:19.066  7801  7801 E mpz.audioplayer: No package ID 80 found for resource ID 0x800b003a.
03-20 00:54:19.066  7801  7801 E mpz.audioplayer: No package ID 80 found for resource ID 0x800b042e.
03-20 00:54:19.066  7801  7801 E mpz.audioplayer: No package ID 80 found for resource ID 0x800b0064.
03-20 00:54:19.066  7801  7801 E mpz.audioplayer: No package ID 80 found for resource ID 0x800b0462.
03-20 00:54:19.066  7801  7801 E mpz.audioplayer: No package ID 80 found for resource ID 0x800b046d.
03-20 00:54:19.066  7801  7801 E mpz.audioplayer: No package ID 80 found for resource ID 0x800b0002.
03-20 00:54:19.066  7801  7801 E mpz.audioplayer: No package ID 80 found for resource ID 0x800b044f.
03-20 00:54:19.066  7801  7801 E mpz.audioplayer: No package ID 80 found for resource ID 0x800b04b1.
03-20 00:54:19.066  7801  7801 E mpz.audioplayer: No package ID 80 found for resource ID 0x800b0474.
03-20 00:54:19.066  7801  7801 E mpz.audioplayer: No package ID 80 found for resource ID 0x800b0444.
03-20 00:54:19.066  7801  7801 E mpz.audioplayer: No package ID 80 found for resource ID 0x800b0515.
03-20 00:54:19.066  7801  7801 E mpz.audioplayer: No package ID 80 found for resource ID 0x800b0430.
03-20 00:54:19.066  7801  7801 E mpz.audioplayer: No package ID 80 found for resource ID 0x800b032c.
03-20 00:54:19.066  7801  7801 E mpz.audioplayer: No package ID 80 found for resource ID 0x800b0328.
03-20 00:54:19.066  7801  7801 E mpz.audioplayer: No package ID 80 found for resource ID 0x800b0199.
03-20 00:54:19.066  7801  7801 E mpz.audioplayer: No package ID 80 found for resource ID 0x800b005e.
03-20 00:54:19.066  7801  7801 E mpz.audioplayer: No package ID 80 found for resource ID 0x800b004a.
03-20 00:54:19.066  7801  7801 E mpz.audioplayer: No package ID 80 found for resource ID 0x800b0068.
03-20 00:54:19.066  7801  7801 E mpz.audioplayer: No package ID 80 found for resource ID 0x800b001d.
03-20 00:54:19.066  7801  7801 E mpz.audioplayer: No package ID 80 found for resource ID 0x800b0519.
03-20 00:54:19.066  7801  7801 E mpz.audioplayer: No package ID 80 found for resource ID 0x800b03fd.
03-20 00:54:19.066  7801  7801 E mpz.audioplayer: No package ID 80 found for resource ID 0x800b0054.
03-20 00:54:19.066  7801  7801 E mpz.audioplayer: No package ID 80 found for resource ID 0x800b0052.
03-20 00:54:19.066  7801  7801 E mpz.audioplayer: No package ID 80 found for resource ID 0x800b03be.
03-20 00:54:19.066  7801  7801 E mpz.audioplayer: No package ID 80 found for resource ID 0x800b0401.
03-20 00:54:19.066  7801  7801 E mpz.audioplayer: No package ID 80 found for resource ID 0x800b03b7.
03-20 00:54:19.066  7801  7801 E mpz.audioplayer: No package ID 80 found for resource ID 0x800b038d.
03-20 00:54:19.066  7801  7801 E mpz.audioplayer: No package ID 80 found for resource ID 0x800b0385.
03-20 00:54:19.066  7801  7801 E mpz.audioplayer: No package ID 80 found for resource ID 0x800b0568.
03-20 00:54:19.066  7801  7801 E mpz.audioplayer: No package ID 80 found for resource ID 0x800b0351.
03-20 00:54:19.066  7801  7801 E mpz.audioplayer: No package ID 80 found for resource ID 0x800b003a.
03-20 00:54:19.066  7801  7801 E mpz.audioplayer: No package ID 80 found for resource ID 0x800b042e.
03-20 00:54:19.066  7801  7801 E mpz.audioplayer: No package ID 80 found for resource ID 0x800b0064.
03-20 00:54:19.066  7801  7801 E mpz.audioplayer: No package ID 80 found for resource ID 0x800b0462.
03-20 00:54:19.066  7801  7801 E mpz.audioplayer: No package ID 80 found for resource ID 0x800b046d.
03-20 00:54:19.066  7801  7801 E mpz.audioplayer: No package ID 80 found for resource ID 0x800b0002.
03-20 00:54:19.066  7801  7801 E mpz.audioplayer: No package ID 80 found for resource ID 0x800b044f.
03-20 00:54:19.066  7801  7801 E mpz.audioplayer: No package ID 80 found for resource ID 0x800b04b1.
03-20 00:54:19.066  7801  7801 E mpz.audioplayer: No package ID 80 found for resource ID 0x800b0474.
03-20 00:54:19.066  7801  7801 E mpz.audioplayer: No package ID 80 found for resource ID 0x800b0444.
03-20 00:54:19.066  7801  7801 E mpz.audioplayer: No package ID 80 found for resource ID 0x800b0515.
03-20 00:54:19.066  7801  7801 E mpz.audioplayer: No package ID 80 found for resource ID 0x800b0430.
03-20 00:54:19.066  7801  7801 E mpz.audioplayer: No package ID 80 found for resource ID 0x800b032c.
03-20 00:54:19.066  7801  7801 E mpz.audioplayer: No package ID 80 found for resource ID 0x800b0328.
03-20 00:54:19.066  7801  7801 E mpz.audioplayer: No package ID 80 found for resource ID 0x800b0199.
03-20 00:54:19.066  7801  7801 E mpz.audioplayer: No package ID 80 found for resource ID 0x800b005e.
03-20 00:54:19.066  7801  7801 E mpz.audioplayer: No package ID 80 found for resource ID 0x800b004a.
03-20 00:54:19.066  7801  7801 E mpz.audioplayer: No package ID 80 found for resource ID 0x800b0068.
03-20 00:54:19.066  7801  7801 E mpz.audioplayer: No package ID 80 found for resource ID 0x800b001d.
03-20 00:54:19.066  7801  7801 E mpz.audioplayer: No package ID 80 found for resource ID 0x800b0519.
03-20 00:54:19.066  7801  7801 E mpz.audioplayer: No package ID 80 found for resource ID 0x800b03fd.
03-20 00:54:19.066  7801  7801 E mpz.audioplayer: No package ID 80 found for resource ID 0x800b0054.
03-20 00:54:19.066  7801  7801 E mpz.audioplayer: No package ID 80 found for resource ID 0x800b0052.
03-20 00:54:19.066  7801  7801 E mpz.audioplayer: No package ID 80 found for resource ID 0x800b03be.
03-20 00:54:19.066  7801  7801 E mpz.audioplayer: No package ID 80 found for resource ID 0x800b0401.
03-20 00:54:19.066  7801  7801 E mpz.audioplayer: No package ID 80 found for resource ID 0x800b03b7.
03-20 00:54:19.066  7801  7801 E mpz.audioplayer: No package ID 80 found for resource ID 0x800b038d.
03-20 00:54:19.066  7801  7801 E mpz.audioplayer: No package ID 80 found for resource ID 0x800b0385.
03-20 00:54:19.066  7801  7801 E mpz.audioplayer: No package ID 80 found for resource ID 0x800b0568.
03-20 00:54:19.066  7801  7801 E mpz.audioplayer: No package ID 80 found for resource ID 0x800b0351.
03-20 00:54:19.066  7801  7801 E mpz.audioplayer: No package ID 80 found for resource ID 0x800b003a.
03-20 00:54:19.067  7801  7801 E mpz.audioplayer: No package ID 80 found for resource ID 0x800b042e.
03-20 00:54:19.067  3900  4006 W libc    : Access denied finding property "vendor.display.enable_optimal_refresh_rate"
03-20 00:54:19.067  3900  4006 W libc    : Access denied finding property "vendor.gpp.create_frc_extension"
03-20 00:54:19.066  3900  3900 W wmshell.main: type=1400 audit(0.0:40397): avc:  denied  { read } for  name="u:object_r:vendor_display_prop:s0" dev="tmpfs" ino=451 scontext=u:r:platform_app:s0:c512,c768 tcontext=u:object_r:vendor_display_prop:s0 tclass=file permissive=0 app=com.android.systemui
03-20 00:54:18.913  4006  4006 W audit   : audit_lost=16532 audit_rate_limit=5 audit_backlog_limit=64
03-20 00:54:18.913  4006  4006 E audit   : rate limit exceeded
03-20 00:54:19.067  7801  7801 E mpz.audioplayer: No package ID 80 found for resource ID 0x800b042e.
03-20 00:54:19.067  7801  7801 E mpz.audioplayer: No package ID 80 found for resource ID 0x800b0064.
03-20 00:54:19.067  7801  7801 E mpz.audioplayer: No package ID 80 found for resource ID 0x800b0462.
03-20 00:54:19.067  7801  7801 E mpz.audioplayer: No package ID 80 found for resource ID 0x800b046d.
03-20 00:54:19.067  7801  7801 E mpz.audioplayer: No package ID 80 found for resource ID 0x800b0002.
03-20 00:54:19.067  7801  7801 E mpz.audioplayer: No package ID 80 found for resource ID 0x800b044f.
03-20 00:54:19.067  7801  7801 E mpz.audioplayer: No package ID 80 found for resource ID 0x800b04b1.
03-20 00:54:19.067  7801  7801 E mpz.audioplayer: No package ID 80 found for resource ID 0x800b0474.
03-20 00:54:19.067  7801  7801 E mpz.audioplayer: No package ID 80 found for resource ID 0x800b0444.
03-20 00:54:19.067  7801  7801 E mpz.audioplayer: No package ID 80 found for resource ID 0x800b0515.
03-20 00:54:19.067  7801  7801 E mpz.audioplayer: No package ID 80 found for resource ID 0x800b0430.
03-20 00:54:19.067  7801  7801 E mpz.audioplayer: No package ID 80 found for resource ID 0x800b032c.
03-20 00:54:19.067  7801  7801 E mpz.audioplayer: No package ID 80 found for resource ID 0x800b0328.
03-20 00:54:19.067  7801  7801 E mpz.audioplayer: No package ID 80 found for resource ID 0x800b0199.
03-20 00:54:19.067  7801  7801 E mpz.audioplayer: No package ID 80 found for resource ID 0x800b005e.
03-20 00:54:19.067  7801  7801 E mpz.audioplayer: No package ID 80 found for resource ID 0x800b004a.
03-20 00:54:19.067  7801  7801 E mpz.audioplayer: No package ID 80 found for resource ID 0x800b0068.
03-20 00:54:19.067  7801  7801 E mpz.audioplayer: No package ID 80 found for resource ID 0x800b001d.
03-20 00:54:19.068  7801  7801 E mpz.audioplayer: No package ID 80 found for resource ID 0x800b0519.
03-20 00:54:19.068  7801  7801 E mpz.audioplayer: No package ID 80 found for resource ID 0x800b03fd.
03-20 00:54:19.068  7801  7801 E mpz.audioplayer: No package ID 80 found for resource ID 0x800b0054.
03-20 00:54:19.068  7801  7801 E mpz.audioplayer: No package ID 80 found for resource ID 0x800b0052.
03-20 00:54:19.068  7801  7801 E mpz.audioplayer: No package ID 80 found for resource ID 0x800b03be.
03-20 00:54:19.068  7801  7801 E mpz.audioplayer: No package ID 80 found for resource ID 0x800b0401.
03-20 00:54:19.068  7801  7801 E mpz.audioplayer: No package ID 80 found for resource ID 0x800b03b7.
03-20 00:54:19.068  7801  7801 E mpz.audioplayer: No package ID 80 found for resource ID 0x800b038d.
03-20 00:54:19.068  7801  7801 E mpz.audioplayer: No package ID 80 found for resource ID 0x800b0385.
03-20 00:54:19.068  7801  7801 E mpz.audioplayer: No package ID 80 found for resource ID 0x800b0568.
03-20 00:54:19.068  7801  7801 E mpz.audioplayer: No package ID 80 found for resource ID 0x800b0351.
03-20 00:54:19.068  7801  7801 E mpz.audioplayer: No package ID 80 found for resource ID 0x800b003a.
03-20 00:54:19.068  7801  7801 E mpz.audioplayer: No package ID 80 found for resource ID 0x800b042e.
03-20 00:54:19.068  7801  7801 E mpz.audioplayer: No package ID 80 found for resource ID 0x800b0064.
03-20 00:54:19.068  7801  7801 E mpz.audioplayer: No package ID 80 found for resource ID 0x800b0462.
03-20 00:54:19.068  7801  7801 E mpz.audioplayer: No package ID 80 found for resource ID 0x800b046d.
03-20 00:54:19.068  7801  7801 E mpz.audioplayer: No package ID 80 found for resource ID 0x800b0002.
03-20 00:54:19.068  7801  7801 E mpz.audioplayer: No package ID 80 found for resource ID 0x800b044f.
03-20 00:54:19.068  7801  7801 E mpz.audioplayer: No package ID 80 found for resource ID 0x800b04b1.
03-20 00:54:19.068  7801  7801 E mpz.audioplayer: No package ID 80 found for resource ID 0x800b0474.
03-20 00:54:19.068  7801  7801 E mpz.audioplayer: No package ID 80 found for resource ID 0x800b0444.
03-20 00:54:19.068  7801  7801 E mpz.audioplayer: No package ID 80 found for resource ID 0x800b0515.
03-20 00:54:19.068  7801  7801 E mpz.audioplayer: No package ID 80 found for resource ID 0x800b0430.
03-20 00:54:19.068  7801  7801 E mpz.audioplayer: No package ID 80 found for resource ID 0x800b032c.
03-20 00:54:19.068  7801  7801 E mpz.audioplayer: No package ID 80 found for resource ID 0x800b0328.
03-20 00:54:19.068  7801  7801 E mpz.audioplayer: No package ID 80 found for resource ID 0x800b0199.
03-20 00:54:19.068  7801  7801 E mpz.audioplayer: No package ID 80 found for resource ID 0x800b005e.
03-20 00:54:19.068  7801  7801 E mpz.audioplayer: No package ID 80 found for resource ID 0x800b004a.
03-20 00:54:19.068  7801  7801 E mpz.audioplayer: No package ID 80 found for resource ID 0x800b0068.
03-20 00:54:19.068  7801  7801 E mpz.audioplayer: No package ID 80 found for resource ID 0x800b001d.
03-20 00:54:19.068  7801  7801 E mpz.audioplayer: No package ID 80 found for resource ID 0x800b0519.
03-20 00:54:19.068  7801  7801 E mpz.audioplayer: No package ID 80 found for resource ID 0x800b03fd.
03-20 00:54:19.068  7801  7801 E mpz.audioplayer: No package ID 80 found for resource ID 0x800b0054.
03-20 00:54:19.068  7801  7801 E mpz.audioplayer: No package ID 80 found for resource ID 0x800b0052.
03-20 00:54:19.068  7801  7801 E mpz.audioplayer: No package ID 80 found for resource ID 0x800b03be.
03-20 00:54:19.068  7801  7801 E mpz.audioplayer: No package ID 80 found for resource ID 0x800b0401.
03-20 00:54:19.068  7801  7801 E mpz.audioplayer: No package ID 80 found for resource ID 0x800b03b7.
03-20 00:54:19.068  7801  7801 E mpz.audioplayer: No package ID 80 found for resource ID 0x800b038d.
03-20 00:54:19.068  7801  7801 E mpz.audioplayer: No package ID 80 found for resource ID 0x800b0385.
03-20 00:54:19.068  7801  7801 E mpz.audioplayer: No package ID 80 found for resource ID 0x800b0568.
03-20 00:54:19.068  7801  7801 E mpz.audioplayer: No package ID 80 found for resource ID 0x800b0351.
03-20 00:54:19.068  7801  7801 E mpz.audioplayer: No package ID 80 found for resource ID 0x800b003a.
03-20 00:54:19.068  7801  7801 E mpz.audioplayer: No package ID 80 found for resource ID 0x800b042e.
03-20 00:54:19.068  7801  7801 E mpz.audioplayer: No package ID 80 found for resource ID 0x800b0064.
03-20 00:54:19.068  7801  7801 E mpz.audioplayer: No package ID 80 found for resource ID 0x800b0462.
03-20 00:54:19.068  7801  7801 E mpz.audioplayer: No package ID 80 found for resource ID 0x800b046d.
03-20 00:54:19.068  7801  7801 E mpz.audioplayer: No package ID 80 found for resource ID 0x800b0002.
03-20 00:54:19.068  7801  7801 E mpz.audioplayer: No package ID 80 found for resource ID 0x800b044f.
03-20 00:54:19.068  7801  7801 E mpz.audioplayer: No package ID 80 found for resource ID 0x800b04b1.
03-20 00:54:19.068  7801  7801 E mpz.audioplayer: No package ID 80 found for resource ID 0x800b0474.
03-20 00:54:19.068  7801  7801 E mpz.audioplayer: No package ID 80 found for resource ID 0x800b0444.
03-20 00:54:19.068  7801  7801 E mpz.audioplayer: No package ID 80 found for resource ID 0x800b0515.
03-20 00:54:19.068  7801  7801 E mpz.audioplayer: No package ID 80 found for resource ID 0x800b0430.
03-20 00:54:19.068  7801  7801 E mpz.audioplayer: No package ID 80 found for resource ID 0x800b032c.
03-20 00:54:19.068  7801  7801 E mpz.audioplayer: No package ID 80 found for resource ID 0x800b0328.
03-20 00:54:19.068  7801  7801 E mpz.audioplayer: No package ID 80 found for resource ID 0x800b0199.
03-20 00:54:19.068  7801  7801 E mpz.audioplayer: No package ID 80 found for resource ID 0x800b005e.
03-20 00:54:19.068  7801  7801 E mpz.audioplayer: No package ID 80 found for resource ID 0x800b004a.
03-20 00:54:19.068  7801  7801 E mpz.audioplayer: No package ID 80 found for resource ID 0x800b0068.
03-20 00:54:19.068  7801  7801 E mpz.audioplayer: No package ID 80 found for resource ID 0x800b001d.
03-20 00:54:19.068  7801  7801 E mpz.audioplayer: No package ID 80 found for resource ID 0x800b0519.
03-20 00:54:19.068  7801  7801 E mpz.audioplayer: No package ID 80 found for resource ID 0x800b03fd.
03-20 00:54:19.068  7801  7801 E mpz.audioplayer: No package ID 80 found for resource ID 0x800b0054.
03-20 00:54:19.068  7801  7801 E mpz.audioplayer: No package ID 80 found for resource ID 0x800b0052.
03-20 00:54:19.068  7801  7801 E mpz.audioplayer: No package ID 80 found for resource ID 0x800b03be.
03-20 00:54:19.068  7801  7801 E mpz.audioplayer: No package ID 80 found for resource ID 0x800b0401.
03-20 00:54:19.068  7801  7801 E mpz.audioplayer: No package ID 80 found for resource ID 0x800b03b7.
03-20 00:54:19.068  7801  7801 E mpz.audioplayer: No package ID 80 found for resource ID 0x800b038d.
03-20 00:54:19.068  7801  7801 E mpz.audioplayer: No package ID 80 found for resource ID 0x800b0385.
03-20 00:54:19.068  7801  7801 E mpz.audioplayer: No package ID 80 found for resource ID 0x800b0568.
03-20 00:54:19.068  7801  7801 E mpz.audioplayer: No package ID 80 found for resource ID 0x800b0351.
03-20 00:54:19.068  7801  7801 E mpz.audioplayer: No package ID 80 found for resource ID 0x800b003a.
03-20 00:54:19.073  2215  3850 I AccessibilityWindowManager: Added global connection for pid:3900 with windowId: 3448 and token: android.os.BinderProxy@d224888
03-20 00:54:19.073  2215  3850 I AccessibilityWindowManager: mDisplayId=0, topFocusedDisplayId=0, currentUserId=0, visibleBgUsers=null
03-20 00:54:19.073  2215  3850 I AccessibilityWindowManager: 5 windows changed: [{displayId=0, title=null}, {displayId=0, title=null}, {displayId=0, title=null}, {displayId=0, title=null}, {displayId=0, title=null}]
03-20 00:54:19.073  2215  2215 E AccessibilityWindowManager: No interaction connection to window: 2644
03-20 00:54:19.074  2215  6407 W PackageConfigPersister: App-specific configuration not found for packageName: com.maxmpz.audioplayer and userId: 0
03-20 00:54:19.074  2215  3842 I [ABMS] AccessibilityManagerService: Added user client for pid:3900 and userId:0
03-20 00:54:19.074  7801  7801 I ActivityThread: Schedule relaunch activity: com.maxmpz.audioplayer.standard_adaptive
03-20 00:54:19.074  2215  3842 I [ABMS] AccessibilityManagerService: Removed user client for pid:3900 and userId:0state: true
03-20 00:54:19.083  2215  6407 I WindowManager: this activity is embedded, r = com.maxmpz.audioplayer, isEmbedded = false
03-20 00:54:19.083  2215  6407 I WindowManager: this activity is embedded, r = com.maxmpz.audioplayer, isEmbedded = false
03-20 00:54:19.086  2215  2911 I AccessibilityWindowManager: mDisplayId=0, topFocusedDisplayId=0, currentUserId=0, visibleBgUsers=null
03-20 00:54:19.086  2215  2911 I AccessibilityWindowManager: 6 windows changed: [{displayId=0, title=null}, {displayId=0, title=null}, {displayId=0, title=null}, {displayId=0, title=null}, {displayId=0, title=null}, {displayId=0, title=Poweramp}]
03-20 00:54:19.086  7801  7801 I VirtualGameHandleTouchCtrl: virtual game handle  enable false, last enable false
03-20 00:54:19.086  3900  3900 W libc    : Access denied finding property "vendor.display.enable_optimal_refresh_rate"
03-20 00:54:19.086  3900  3900 W libc    : Access denied finding property "vendor.gpp.create_frc_extension"
03-20 00:54:19.089  2215  6407 I WindowManager: this activity is embedded, r = com.maxmpz.audioplayer, isEmbedded = false
03-20 00:54:19.089  2215  6407 I WindowManager: this activity is embedded, r = com.maxmpz.audioplayer, isEmbedded = false
03-20 00:54:19.089  2215  6407 I WindowManager: this activity is embedded, r = com.maxmpz.audioplayer, isEmbedded = false
03-20 00:54:19.089  2215  6407 I WindowManager: this activity is embedded, r = com.maxmpz.audioplayer, isEmbedded = false
03-20 00:54:19.089  2215  2215 E AccessibilityWindowManager: No interaction connection to window: 2644
03-20 00:54:19.090  2215  3842 I WindowManager: finishDrawing of relaunch: Window{49c8a0d u0 com.maxmpz.audioplayer/com.maxmpz.audioplayer.standard_adaptive} 43ms
03-20 00:54:19.090  2215  2913 I WindowManager: this activity is embedded, r = com.maxmpz.audioplayer, isEmbedded = false
03-20 00:54:19.090  2215  2913 I WindowManager: this activity is embedded, r = com.maxmpz.audioplayer, isEmbedded = false
03-20 00:54:19.091  2215  2913 I WindowManager: this activity is embedded, r = com.maxmpz.audioplayer, isEmbedded = false
03-20 00:54:19.091  2215  2913 I WindowManager: this activity is embedded, r = com.maxmpz.audioplayer, isEmbedded = false
03-20 00:54:19.096  1751  1751 I vendor.qti.hardware.servicetrackeraidl-service: unbindService is called for service : com.maxmpz.audioplayer/.player.PlayerService and for client com.maxmpz.audioplayer
03-20 00:54:19.096  7801  7801 W WindowOnBackDispatcher: sendCancelIfRunning: isInProgress=false callback=android.app.Activity$$ExternalSyntheticLambda1@d6aa5b5
03-20 00:54:19.096  7801  7801 I ActivityThread: performDestroyActivity - r.token = android.os.BinderProxy@b696938, getComponent() = ComponentInfo{com.maxmpz.audioplayer/com.maxmpz.audioplayer.standard_adaptive}
03-20 00:54:19.097  2215  3842 I AccessibilityWindowManager: Removed user connection for pid:7801 with windowId: 3444 and userId:0 and token: android.os.BinderProxy@a590ca4
03-20 00:54:19.098  2215  6234 W InputManager-JNI: Input channel object '49c8a0d com.maxmpz.audioplayer/com.maxmpz.audioplayer.standard_adaptive (client)' was disposed without first being removed with the input manager!
03-20 00:54:19.098  2215  6234 I WindowManager: this activity is embedded, r = com.maxmpz.audioplayer, isEmbedded = false
03-20 00:54:19.098  2215  6234 I WindowManager: this activity is embedded, r = com.maxmpz.audioplayer, isEmbedded = false
03-20 00:54:19.099  2215  6234 I WindowManager: this activity is embedded, r = com.maxmpz.audioplayer, isEmbedded = false
03-20 00:54:19.099  2215  6234 I WindowManager: this activity is embedded, r = com.maxmpz.audioplayer, isEmbedded = false
03-20 00:54:19.102  7801  7801 I ActivityThread: performLaunchActivity - r.token = android.os.BinderProxy@b696938, getComponent() = ComponentInfo{com.maxmpz.audioplayer/com.maxmpz.audioplayer.standard_adaptive}
03-20 00:54:19.103  4418  4418 W RecentsAnimationDeviceState: keyguardShowing: false
03-20 00:54:19.103  2215  2913 I WindowManager: this activity is embedded, r = com.maxmpz.audioplayer, isEmbedded = false
03-20 00:54:19.103  7801  7801 I DecorView: name:Built-in Screen, isVehicleDisplay = false
03-20 00:54:19.103  2215  2913 I WindowManager: this activity is embedded, r = com.maxmpz.audioplayer, isEmbedded = false
03-20 00:54:19.104  2215  6234 I WindowManager: this activity is embedded, r = com.maxmpz.audioplayer, isEmbedded = false
03-20 00:54:19.104  2215  6234 I WindowManager: this activity is embedded, r = com.maxmpz.audioplayer, isEmbedded = false
03-20 00:54:19.104  2215  2913 I WindowManager: this activity is embedded, r = com.maxmpz.audioplayer, isEmbedded = false
03-20 00:54:19.104  2215  2913 I WindowManager: this activity is embedded, r = com.maxmpz.audioplayer, isEmbedded = false
03-20 00:54:19.105  1751  1751 I vendor.qti.hardware.servicetrackeraidl-service: bindService is called for service : com.maxmpz.audioplayer/.player.PlayerService and for client com.maxmpz.audioplayer
03-20 00:54:19.105  1751  1751 I vendor.qti.hardware.servicetrackeraidl-service: total connections for service : com.maxmpz.audioplayer/.player.PlayerServiceare :1
03-20 00:54:19.105  1751  1751 I vendor.qti.hardware.servicetrackeraidl-service: total connections for client : com.maxmpz.audioplayerare :4
03-20 00:54:19.119  2215  3842 I WindowManager: this activity is embedded, r = com.maxmpz.audioplayer, isEmbedded = false
03-20 00:54:19.119  2215  3842 I WindowManager: this activity is embedded, r = com.maxmpz.audioplayer, isEmbedded = false
03-20 00:54:19.119  2215  3842 I WindowManager: this activity is embedded, r = com.maxmpz.audioplayer, isEmbedded = false
03-20 00:54:19.119  2215  3842 I WindowManager: this activity is embedded, r = com.maxmpz.audioplayer, isEmbedded = false
03-20 00:54:19.120  2215  3842 W WindowManager: Failed looking up window session=Session{7ade1f9 7801:u0a10464} callers=com.android.server.wm.WindowManagerService.windowForClientLocked:6897 com.android.server.wm.Session.updateRequestedVisibleTypes:872 android.view.IWindowSession$Stub.onTransact:1134 
03-20 00:54:19.122  2215  3842 I AccessibilityWindowManager: Added user connection for pid:7801 with windowId: 3449 and  token: android.os.BinderProxy@16183c4
03-20 00:54:19.122  7801  7801 I ActivityThread: Schedule relaunch activity: com.maxmpz.audioplayer.standard_adaptive
03-20 00:54:19.127  2215  6234 I WindowManager: this activity is embedded, r = com.maxmpz.audioplayer, isEmbedded = false
03-20 00:54:19.128  2215  6234 I WindowManager: this activity is embedded, r = com.maxmpz.audioplayer, isEmbedded = false
03-20 00:54:19.128  2215  6234 I WindowManager: this activity is embedded, r = com.maxmpz.audioplayer, isEmbedded = false
03-20 00:54:19.128  2215  6234 I WindowManager: this activity is embedded, r = com.maxmpz.audioplayer, isEmbedded = false
03-20 00:54:19.131  2215  6234 I MindSync: reportEvent,what=3012,token=null,data=Bundle[{extra.PACKAGE_NAME=com.maxmpz.audioplayer, extra.ACTIVITY_NAME=com.maxmpz.audioplayer.MainActivity}]
03-20 00:54:19.132  2215  2913 I WindowManager: this activity is embedded, r = com.maxmpz.audioplayer, isEmbedded = false
03-20 00:54:19.132  2215  2913 I WindowManager: this activity is embedded, r = com.maxmpz.audioplayer, isEmbedded = false
03-20 00:54:19.132  2215  2911 I AccessibilityWindowManager: mDisplayId=0, topFocusedDisplayId=0, currentUserId=0, visibleBgUsers=null
03-20 00:54:19.132  2215  2911 I AccessibilityWindowManager: 4 windows changed: [{displayId=0, title=null}, {displayId=0, title=null}, {displayId=0, title=null}, {displayId=0, title=null}]
03-20 00:54:19.133  2215  2911 I WindowManager: this activity is embedded, r = com.maxmpz.audioplayer, isEmbedded = false
03-20 00:54:19.133  2215  2911 I WindowManager: this activity is embedded, r = com.maxmpz.audioplayer, isEmbedded = false
03-20 00:54:19.133  2215  2215 E AccessibilityWindowManager: No interaction connection to window: 2644
03-20 00:54:19.135  4418  4418 W RecentsAnimationDeviceState: keyguardShowing: false
03-20 00:54:19.135  7801  7801 W libc    : Access denied finding property "vendor.display.enable_optimal_refresh_rate"
03-20 00:54:19.138  2215  6234 I AccessibilityWindowManager: mDisplayId=0, topFocusedDisplayId=0, currentUserId=0, visibleBgUsers=null
03-20 00:54:19.138  2215  6234 I AccessibilityWindowManager: 4 windows changed: [{displayId=0, title=null}, {displayId=0, title=null}, {displayId=0, title=null}, {displayId=0, title=null}]
03-20 00:54:19.139  2215  2215 E AccessibilityWindowManager: No interaction connection to window: 2644
03-20 00:54:19.139  7801  7801 W libc    : Access denied finding property "vendor.display.enable_optimal_refresh_rate"
03-20 00:54:19.140  7801  8743 I GLScene.cpp: Qualcomm Adreno (TM) 750
03-20 00:54:19.141  7801  8743 I GLScene.cpp: OpenGL ES 3.2 V@0762.31 (GIT@ae801e1e7c, I15873b352d, 1735922436) (Date:01/03/25) OpenGL ES GLSL ES 3.20
03-20 00:54:19.146  2215  6234 I WindowManager: finishDrawing of relaunch: Window{a4302ad u0 com.maxmpz.audioplayer/com.maxmpz.audioplayer.standard_adaptive} 55ms
03-20 00:54:19.146  2215  2913 I WindowManager: this activity is embedded, r = com.maxmpz.audioplayer, isEmbedded = false
03-20 00:54:19.146  2215  2913 I WindowManager: this activity is embedded, r = com.maxmpz.audioplayer, isEmbedded = false
03-20 00:54:19.147  2215  2913 I WindowManager: this activity is embedded, r = com.maxmpz.audioplayer, isEmbedded = false
03-20 00:54:19.147  2215  2913 I WindowManager: this activity is embedded, r = com.maxmpz.audioplayer, isEmbedded = false
03-20 00:54:19.148  2215  2911 I AccessibilityWindowManager: mDisplayId=0, topFocusedDisplayId=0, currentUserId=0, visibleBgUsers=null
03-20 00:54:19.148  2215  2911 I AccessibilityWindowManager: 5 windows changed: [{displayId=0, title=null}, {displayId=0, title=null}, {displayId=0, title=null}, {displayId=0, title=null}, {displayId=0, title=null}]
03-20 00:54:19.148  2215  2215 E AccessibilityWindowManager: No interaction connection to window: 2644
03-20 00:54:19.150  1751  1751 I vendor.qti.hardware.servicetrackeraidl-service: unbindService is called for service : com.maxmpz.audioplayer/.player.PlayerService and for client com.maxmpz.audioplayer
03-20 00:54:19.159  7801  7801 W WindowOnBackDispatcher: sendCancelIfRunning: isInProgress=false callback=android.app.Activity$$ExternalSyntheticLambda1@79c0d6b
03-20 00:54:19.160  7801  7801 I ActivityThread: performDestroyActivity - r.token = android.os.BinderProxy@b696938, getComponent() = ComponentInfo{com.maxmpz.audioplayer/com.maxmpz.audioplayer.standard_adaptive}
03-20 00:54:19.161  7801  7801 I ActivityThread: performLaunchActivity - r.token = android.os.BinderProxy@b696938, getComponent() = ComponentInfo{com.maxmpz.audioplayer/com.maxmpz.audioplayer.standard_adaptive}
03-20 00:54:19.162  7801  7801 I DecorView: name:Built-in Screen, isVehicleDisplay = false
03-20 00:54:19.162  2215  6234 I WindowManager: this activity is embedded, r = com.maxmpz.audioplayer, isEmbedded = false
03-20 00:54:19.162  2215  6234 I WindowManager: this activity is embedded, r = com.maxmpz.audioplayer, isEmbedded = false
03-20 00:54:19.163  1751  1751 I vendor.qti.hardware.servicetrackeraidl-service: bindService is called for service : com.maxmpz.audioplayer/.player.PlayerService and for client com.maxmpz.audioplayer
03-20 00:54:19.163  1751  1751 I vendor.qti.hardware.servicetrackeraidl-service: total connections for service : com.maxmpz.audioplayer/.player.PlayerServiceare :1
03-20 00:54:19.163  1751  1751 I vendor.qti.hardware.servicetrackeraidl-service: total connections for client : com.maxmpz.audioplayerare :4
03-20 00:54:19.164  2215  2911 I AccessibilityWindowManager: mDisplayId=0, topFocusedDisplayId=0, currentUserId=0, visibleBgUsers=null
03-20 00:54:19.164  2215  2911 I AccessibilityWindowManager: 6 windows changed: [{displayId=0, title=null}, {displayId=0, title=null}, {displayId=0, title=null}, {displayId=0, title=null}, {displayId=0, title=null}, {displayId=0, title=Poweramp}]
03-20 00:54:19.166  2215  2215 E AccessibilityWindowManager: No interaction connection to window: 2644
03-20 00:54:19.177  2215  2236 I system_server: Background young concurrent mark compact GC freed 82MB AllocSpace bytes, 78(2584KB) LOS objects, 34% free, 156MB/238MB, paused 1.657ms,3.894ms total 170.699ms
03-20 00:54:19.178  7801  7801 I VirtualGameHandleTouchCtrl: virtual game handle  enable false, last enable false
03-20 00:54:19.183  2215  6234 I WindowManager: this activity is embedded, r = com.maxmpz.audioplayer, isEmbedded = false
03-20 00:54:19.183  2215  6234 I WindowManager: this activity is embedded, r = com.maxmpz.audioplayer, isEmbedded = false
03-20 00:54:19.183  2215  6234 I WindowManager: this activity is embedded, r = com.maxmpz.audioplayer, isEmbedded = false
03-20 00:54:19.183  2215  6234 I WindowManager: this activity is embedded, r = com.maxmpz.audioplayer, isEmbedded = false
03-20 00:54:19.185  7801  7801 W libc    : Access denied finding property "vendor.display.enable_optimal_refresh_rate"
03-20 00:54:19.190  7801  8751 I GLScene.cpp: Qualcomm Adreno (TM) 750
03-20 00:54:19.190  7801  8751 I GLScene.cpp: OpenGL ES 3.2 V@0762.31 (GIT@ae801e1e7c, I15873b352d, 1735922436) (Date:01/03/25) OpenGL ES GLSL ES 3.20
03-20 00:54:19.194  2215  6407 I WindowManager: finishDrawing of relaunch: Window{a4302ad u0 com.maxmpz.audioplayer/com.maxmpz.audioplayer.standard_adaptive} 45ms
03-20 00:54:19.195  2215  2913 I WindowManager: this activity is embedded, r = com.maxmpz.audioplayer, isEmbedded = false
03-20 00:54:19.195  2215  2913 I WindowManager: this activity is embedded, r = com.maxmpz.audioplayer, isEmbedded = false
03-20 00:54:19.196  2215  3643 I ImeTracker: com.maxmpz.audioplayer:88b907f3: onRequestHide at ORIGIN_SERVER reason HIDE_UNSPECIFIED_WINDOW fromUser false
03-20 00:54:19.196  2215  3643 I ImeTracker: com.maxmpz.audioplayer:88b907f3: onCancelled at PHASE_SERVER_SHOULD_HIDE
03-20 00:54:19.197  2215  6234 I AccessibilityWindowManager: mDisplayId=0, topFocusedDisplayId=0, currentUserId=0, visibleBgUsers=null
03-20 00:54:19.197  2215  6234 I AccessibilityWindowManager: 6 windows changed: [{displayId=0, title=null}, {displayId=0, title=null}, {displayId=0, title=null}, {displayId=0, title=null}, {displayId=0, title=null}, {displayId=0, title=Poweramp}]
03-20 00:54:19.198  2215  2215 E AccessibilityWindowManager: No interaction connection to window: 2644
03-20 00:54:19.201  6531  6531 I GoogleInputMethodService: GoogleInputMethodService.onFinishInput():2114 
03-20 00:54:19.202  6531  6531 I Module  : DeviceLockedStatusModuleProvider$Module.updateDeviceLockedStatus():103 repeatCheckTimes = 0, locked = false
03-20 00:54:19.202  6531  6531 I GoogleInputMethodService: GoogleInputMethodService.onStartInput():1385 onStartInput(EditorInfo{EditorInfo{packageName=com.maxmpz.audioplayer, inputType=0, inputTypeString=NULL, enableLearning=false, autoCorrection=false, autoComplete=false, imeOptions=0, privateImeOptions=null, actionName=UNSPECIFIED, actionLabel=null, initialSelStart=-1, initialSelEnd=-1, initialCapsMode=0, label=null, fieldId=0, fieldName=null, extras=null, hintText=null, hintLocales=[]}}, false)
03-20 00:54:19.202  6531  6531 I AndroidIME: LatinIMEBase.updateInputViewCoverNavigation():314 Update input view padding, extendsTouchBelowSpace=false, bottom inset=122
03-20 00:54:19.202  2215  2913 I WindowManager: this activity is embedded, r = com.maxmpz.audioplayer, isEmbedded = false
03-20 00:54:19.202  2215  2913 I WindowManager: this activity is embedded, r = com.maxmpz.audioplayer, isEmbedded = false
03-20 00:54:19.202  6531  6531 I Module  : DeviceLockedStatusModuleProvider$Module.updateDeviceLockedStatus():103 repeatCheckTimes = 1, locked = false
03-20 00:54:19.203  2215  3842 W PackageConfigPersister: App-specific configuration not found for packageName: com.maxmpz.audioplayer and userId: 0
03-20 00:54:19.204  2215  2913 I WindowManager: this activity is embedded, r = com.maxmpz.audioplayer, isEmbedded = false
03-20 00:54:19.204  2215  2913 I WindowManager: this activity is embedded, r = com.maxmpz.audioplayer, isEmbedded = false
03-20 00:54:19.205  2215  2913 I WindowManager: this activity is embedded, r = com.maxmpz.audioplayer, isEmbedded = false
03-20 00:54:19.205  2215  2913 I WindowManager: this activity is embedded, r = com.maxmpz.audioplayer, isEmbedded = false
03-20 00:54:19.206  7801 14892 E FrameEvents: addRelease: Did not find frame.
03-20 00:54:19.206  2215  2238 W System  : A resource failed to call HardwareBuffer.close. 
03-20 00:54:19.209  2215  2238 W System  : A resource failed to call HardwareBuffer.close. 
03-20 00:54:19.210  2215  2913 I WindowManager: this activity is embedded, r = com.maxmpz.audioplayer, isEmbedded = false
03-20 00:54:19.210  2215  2913 I WindowManager: this activity is embedded, r = com.maxmpz.audioplayer, isEmbedded = false
03-20 00:54:19.211  2215  2913 I WindowManager: this activity is embedded, r = com.maxmpz.audioplayer, isEmbedded = false
03-20 00:54:19.211  2215  2913 I WindowManager: this activity is embedded, r = com.maxmpz.audioplayer, isEmbedded = false
03-20 00:54:19.213  7801 14892 E FrameEvents: addRelease: Did not find frame.
03-20 00:54:19.219  2215  2238 W System  : A resource failed to call HardwareBuffer.close. 
03-20 00:54:19.221  2215  2238 W System  : A resource failed to call HardwareBuffer.close. 
03-20 00:54:19.224  2215  2238 W System  : A resource failed to call HardwareBuffer.close. 
03-20 00:54:19.229  7801 32636 E FrameEvents: addRelease: Did not find frame.
03-20 00:54:19.230  2215  2238 W System  : A resource failed to call release. 
03-20 00:54:19.237  7801 14892 E FrameEvents: addRelease: Did not find frame.
03-20 00:54:19.245  7801 14892 E FrameEvents: addRelease: Did not find frame.
03-20 00:54:19.253  7801 14892 E FrameEvents: addRelease: Did not find frame.
03-20 00:54:19.262  7801 14892 E FrameEvents: addRelease: Did not find frame.
03-20 00:54:19.270  7801 14892 E FrameEvents: addRelease: Did not find frame.
03-20 00:54:19.278  7801 14892 E FrameEvents: addRelease: Did not find frame.
03-20 00:54:19.287  7801 14892 E FrameEvents: addRelease: Did not find frame.
03-20 00:54:19.295  7801 14892 E FrameEvents: addRelease: Did not find frame.
03-20 00:54:19.304  7801 14892 E FrameEvents: addRelease: Did not find frame.
03-20 00:54:19.304  3900  4006 E MFVRemoteInterruptManager: getTmpFinishT error : No field mExt in class Landroid/window/TransitionInfo; (declaration of 'android.window.TransitionInfo' appears in /system/framework/framework.jar!classes4.dex)
03-20 00:54:19.311  4100  4279 I DynamicDDSService: handleMessage(ACTIVITY_SUSPEND{appInfo=com.maxmpz.audioplayer isFullScreen=}true)
03-20 00:54:19.311  2215  2911 I AccessibilityWindowManager: mDisplayId=0, topFocusedDisplayId=0, currentUserId=0, visibleBgUsers=null
03-20 00:54:19.312  2215  2911 I AccessibilityWindowManager: 6 windows changed: [{displayId=0, title=null}, {displayId=0, title=null}, {displayId=0, title=null}, {displayId=0, title=null}, {displayId=0, title=null}, {displayId=0, title=Poweramp}]
03-20 00:54:19.312  2215  2215 E AccessibilityWindowManager: No interaction connection to window: 2644
03-20 00:54:19.313  7801 14892 E FrameEvents: addRelease: Did not find frame.
03-20 00:54:19.313  4100  4279 W DynamicDDSService: mAppNames is empty, no need to send QMI
03-20 00:54:19.314  2215  3842 W UserManagerService: Requested status bar icon for non-badged user 0
03-20 00:54:19.315  2215  6407 W UserManagerService: Requested status bar icon for non-badged user 0
03-20 00:54:19.315  2215  6407 W UserManagerService: Requested status bar icon for non-badged user 0
03-20 00:54:19.315  2215  6407 W UserManagerService: Requested status bar icon for non-badged user 0
03-20 00:54:19.317  1751  1751 I vendor.qti.hardware.servicetrackeraidl-service: unbindService is called for service : com.maxmpz.audioplayer/.player.PlayerService and for client com.maxmpz.audioplayer
03-20 00:54:19.319  7801  7801 W WindowOnBackDispatcher: sendCancelIfRunning: isInProgress=false callback=android.app.Activity$$ExternalSyntheticLambda1@2cacad5
03-20 00:54:19.319  7801  7801 I ActivityThread: performDestroyActivity - r.token = android.os.BinderProxy@376463c, getComponent() = ComponentInfo{com.maxmpz.audioplayer/com.maxmpz.audioplayer.preference.SettingsActivity}
03-20 00:54:19.320  2215  3842 I AccessibilityWindowManager: Removed user connection for pid:7801 with windowId: 3447 and userId:0 and token: android.os.BinderProxy@ba240bc
03-20 00:54:19.321  2215  3842 W InputManager-JNI: Input channel object '1370845 com.maxmpz.audioplayer/com.maxmpz.audioplayer.preference.SettingsActivity (client)' was disposed without first being removed with the input manager!
03-20 00:54:19.321  2215  2911 I DisplayDeviceRepository: Display device changed: DisplayDeviceInfo{"Built-in Screen": uniqueId="local:4630946566460097411", 1116 x 2480, modeId 2, renderFrameRate 120.00001, defaultModeId 2, userPreferredModeId -1, supportedModes [{id=1, width=1116, height=2480, fps=60.000004, vsync=60.000004, synthetic=false, alternativeRefreshRates=[90.0, 120.00001], supportedHdrTypes=[2, 3]}, {id=2, width=1116, height=2480, fps=120.00001, vsync=120.00001, synthetic=false, alternativeRefreshRates=[60.000004, 90.0], supportedHdrTypes=[2, 3]}, {id=3, width=1116, height=2480, fps=90.0, vsync=90.0, synthetic=false, alternativeRefreshRates=[60.000004, 120.00001], supportedHdrTypes=[2, 3]}], colorMode 0, supportedColorModes [0, 7, 9], hdrCapabilities HdrCapabilities{mSupportedHdrTypes=[2, 3], mMaxLuminance=668.0, mMaxAverageLuminance=334.001, mMinLuminance=0.002}, allmSupported false, gameContentTypeSupported false, density 480, 399.245 x 401.222 dpi, appVsyncOff 1000000, presDeadline 11333333, touch INTERNAL, rotation 0, type INTERNAL, address {port=131, model=0x40446d5dcbab43}, deviceProductInfo DeviceProductInfo{name=, manufacturerPnpId=QCM, productId=1, modelYear=null, manufactureDate=ManufactureDate{week=27, year=2006}, connectionToSinkType=0}, state ON, committedState ON, frameRateOverride {uid=10464 frameRateHz=120.00001} , brightnessMinimum 0.0, brightnessMaximum 1.0, brightnessDefault 0.39763778, hdrSdrRatio NaN, roundedCorners RoundedCorners{[RoundedCorner{position=TopLeft, radius=13, center=Point(13, 13)}, RoundedCorner{position=TopRight, radius=13, center=Point(1103, 13)}, RoundedCorner{position=BottomRight, radius=13, center=Point(1103, 2467)}, RoundedCorner{position=BottomLeft, radius=13, center=Point(13, 2467)}]}, FLAG_ALLOWED_TO_BE_DEFAULT_DISPLAY, FLAG_ROTATES_WITH_CONTENT, FLAG_SECURE, FLAG_SUPPORTS_PROTECTED_BUFFERS, FLAG_TRUSTED, installOrientation 0, displayShape DisplayShape{ spec=1406003047 displayWidth=1116 displayHeight=2480 physicalPixelDisplaySizeRatio=1.0 rotation=0 offsetX=0 offsetY=0 scale=1.0}}
03-20 00:54:19.322  2215  3842 I WindowManager: this activity is embedded, r = com.maxmpz.audioplayer, isEmbedded = false
03-20 00:54:19.322  2215  3842 I WindowManager: this activity is embedded, r = com.maxmpz.audioplayer, isEmbedded = false
03-20 00:54:19.323  2215  2913 I WindowManager: this activity is embedded, r = com.maxmpz.audioplayer, isEmbedded = false
03-20 00:54:19.323  2215  2913 I WindowManager: this activity is embedded, r = com.maxmpz.audioplayer, isEmbedded = false
03-20 00:54:19.326  5803  5803 I MyApplication: onChange: mTopFullScreenOrNotObserver
03-20 00:54:19.327  5873  5873 I MyApplication: onChange: mTopFullScreenOrNotObserver
03-20 00:54:19.336  4100  4279 I DynamicDDSService: handleMessage(ACTIVITY_INVOKE{appInfo=com.maxmpz.audioplayer isFullScreen=}true)
03-20 00:54:19.348  2215  2911 W OomAdjuster: service: ServiceRecord{7418766 u0 com.zacharee1.systemuituner/.services.Manager c:com.zacharee1.systemuituner} has foreground service type, but not allow while in use, fgsType = 1073741824
03-20 00:54:19.351  2215  2911 W OomAdjuster: service: ServiceRecord{7418766 u0 com.zacharee1.systemuituner/.services.Manager c:com.zacharee1.systemuituner} has foreground service type, but not allow while in use, fgsType = 1073741824
03-20 00:54:19.352  2215  2911 W OomAdjuster: service: ServiceRecord{7418766 u0 com.zacharee1.systemuituner/.services.Manager c:com.zacharee1.systemuituner} has foreground service type, but not allow while in use, fgsType = 1073741824
03-20 00:54:19.353  2215  2911 W OomAdjuster: service: ServiceRecord{7418766 u0 com.zacharee1.systemuituner/.services.Manager c:com.zacharee1.systemuituner} has foreground service type, but not allow while in use, fgsType = 1073741824
03-20 00:54:19.356  2215  2911 I AccessibilityWindowManager: mDisplayId=0, topFocusedDisplayId=0, currentUserId=0, visibleBgUsers=null
03-20 00:54:19.356  2215  2911 I AccessibilityWindowManager: 5 windows changed: [{displayId=0, title=null}, {displayId=0, title=null}, {displayId=0, title=null}, {displayId=0, title=null}, {displayId=0, title=Poweramp}]
03-20 00:54:19.357  2215  2215 E AccessibilityWindowManager: No interaction connection to window: 2644
03-20 00:54:19.386  2215  2911 I AccessibilityWindowManager: mDisplayId=0, topFocusedDisplayId=0, currentUserId=0, visibleBgUsers=null
